Component: ARM Compiler 5.06 update 7 (build 960) Tool: armlink [4d3601]

==============================================================================

Section Cross References

    startup_stm32f407xx.o(STACK) refers (Special) to heapauxi.o(.text) for __use_two_region_memory
    startup_stm32f407xx.o(HEAP) refers (Special) to heapauxi.o(.text) for __use_two_region_memory
    startup_stm32f407xx.o(RESET) refers (Special) to heapauxi.o(.text) for __use_two_region_memory
    startup_stm32f407xx.o(RESET) refers to startup_stm32f407xx.o(STACK) for __initial_sp
    startup_stm32f407xx.o(RESET) refers to startup_stm32f407xx.o(.text) for Reset_Handler
    startup_stm32f407xx.o(RESET) refers to stm32f4xx_it.o(i.NMI_Handler) for NMI_Handler
    startup_stm32f407xx.o(RESET) refers to stm32f4xx_it.o(i.HardFault_Handler) for HardFault_Handler
    startup_stm32f407xx.o(RESET) refers to stm32f4xx_it.o(i.MemManage_Handler) for MemManage_Handler
    startup_stm32f407xx.o(RESET) refers to stm32f4xx_it.o(i.BusFault_Handler) for BusFault_Handler
    startup_stm32f407xx.o(RESET) refers to stm32f4xx_it.o(i.UsageFault_Handler) for UsageFault_Handler
    startup_stm32f407xx.o(RESET) refers to port.o(.emb_text) for SVC_Handler
    startup_stm32f407xx.o(RESET) refers to stm32f4xx_it.o(i.DebugMon_Handler) for DebugMon_Handler
    startup_stm32f407xx.o(RESET) refers to port.o(i.SysTick_Handler) for SysTick_Handler
    startup_stm32f407xx.o(RESET) refers to stm32f4xx_it.o(i.DMA1_Stream1_IRQHandler) for DMA1_Stream1_IRQHandler
    startup_stm32f407xx.o(RESET) refers to stm32f4xx_it.o(i.DMA1_Stream3_IRQHandler) for DMA1_Stream3_IRQHandler
    startup_stm32f407xx.o(RESET) refers to stm32f4xx_it.o(i.DMA1_Stream5_IRQHandler) for DMA1_Stream5_IRQHandler
    startup_stm32f407xx.o(RESET) refers to stm32f4xx_it.o(i.CAN1_RX0_IRQHandler) for CAN1_RX0_IRQHandler
    startup_stm32f407xx.o(RESET) refers to stm32f4xx_it.o(i.USART1_IRQHandler) for USART1_IRQHandler
    startup_stm32f407xx.o(RESET) refers to stm32f4xx_it.o(i.USART2_IRQHandler) for USART2_IRQHandler
    startup_stm32f407xx.o(RESET) refers to stm32f4xx_it.o(i.USART3_IRQHandler) for USART3_IRQHandler
    startup_stm32f407xx.o(RESET) refers to stm32f4xx_it.o(i.TIM6_DAC_IRQHandler) for TIM6_DAC_IRQHandler
    startup_stm32f407xx.o(RESET) refers to stm32f4xx_it.o(i.DMA2_Stream2_IRQHandler) for DMA2_Stream2_IRQHandler
    startup_stm32f407xx.o(RESET) refers to stm32f4xx_it.o(i.DMA2_Stream7_IRQHandler) for DMA2_Stream7_IRQHandler
    startup_stm32f407xx.o(.text) refers (Special) to heapauxi.o(.text) for __use_two_region_memory
    startup_stm32f407xx.o(.text) refers to system_stm32f4xx.o(i.SystemInit) for SystemInit
    startup_stm32f407xx.o(.text) refers to __main.o(!!!main) for __main
    startup_stm32f407xx.o(.text) refers to startup_stm32f407xx.o(HEAP) for Heap_Mem
    startup_stm32f407xx.o(.text) refers to startup_stm32f407xx.o(STACK) for Stack_Mem
    jy62.o(i.HAL_UART_RxCpltCallback) refers to stm32f4xx_hal_uart.o(i.HAL_UART_Receive_IT) for HAL_UART_Receive_IT
    jy62.o(i.HAL_UART_RxCpltCallback) refers to jy62.o(.data) for .data
    jy62.o(i.HAL_UART_RxCpltCallback) refers to jy62.o(.bss) for .bss
    jy62.o(i.HAL_UART_RxCpltCallback) refers to usart.o(.bss) for huart2
    jy62.o(i.JY62_1) refers to stm32f4xx_hal_uart.o(i.UART_Start_Receive_DMA) for UART_Start_Receive_DMA
    jy62.o(i.JY62_1) refers to stm32f4xx_hal_uart.o(i.HAL_UART_Receive_DMA) for HAL_UART_Receive_DMA
    jy62.o(i.JY62_1) refers to stm32f4xx_hal_uart.o(i.UART_Start_Receive_IT) for UART_Start_Receive_IT
    jy62.o(i.JY62_1) refers to jy62.o(i.JY62initial) for JY62initial
    jy62.o(i.JY62_1) refers to jy62.o(i.get_JY62) for get_JY62
    jy62.o(i.JY62_1) refers to cmsis_os.o(i.osDelay) for osDelay
    jy62.o(i.JY62_1) refers to jy62.o(.data) for .data
    jy62.o(i.JY62_1) refers to usart.o(.bss) for huart1
    jy62.o(i.JY62_handle) refers to jy62.o(.bss) for .bss
    jy62.o(i.JY62_handle) refers to jy62.o(.data) for .data
    jy62.o(i.JY62initial) refers to stm32f4xx_hal_uart.o(i.HAL_UART_Transmit) for HAL_UART_Transmit
    jy62.o(i.JY62initial) refers to cmsis_os.o(i.osDelay) for osDelay
    jy62.o(i.JY62initial) refers to jy62.o(.data) for .data
    jy62.o(i.JY62initial) refers to usart.o(.bss) for huart1
    jy62.o(i.JY62initial) refers to duoji.o(.data) for s
    jy62.o(i.error_init) refers to jy62.o(.bss) for .bss
    jy62.o(i.get_JY62) refers to jy62.o(.bss) for .bss
    jy62.o(i.set_angel) refers to f2d.o(x$fpl$f2d) for __aeabi_f2d
    jy62.o(i.set_angel) refers to daddsub_clz.o(x$fpl$drsb) for __aeabi_drsub
    jy62.o(i.set_angel) refers to dleqf.o(x$fpl$dleqf) for __aeabi_cdcmple
    jy62.o(i.set_angel) refers to drleqf.o(x$fpl$drleqf) for __aeabi_cdrcmple
    jy62.o(i.set_angel) refers to wheel.o(i.pid_motor_setting) for pid_motor_setting
    jy62.o(i.set_angel) refers to cmsis_os.o(i.osDelay) for osDelay
[...]
    CAN1_RX1_IRQHandler                      0x0800034b   Thumb Code     0  startup_stm32f407xx.o(.text)
    CAN1_SCE_IRQHandler                      0x0800034b   Thumb Code     0  startup_stm32f407xx.o(.text)
    CAN1_TX_IRQHandler                       0x0800034b   Thumb Code     0  startup_stm32f407xx.o(.text)
    CAN2_RX0_IRQHandler                      0x0800034b   Thumb Code     0  startup_stm32f407xx.o(.text)
    CAN2_RX1_IRQHandler                      0x0800034b   Thumb Code     0  startup_stm32f407xx.o(.text)
    CAN2_SCE_IRQHandler                      0x0800034b   Thumb Code     0  startup_stm32f407xx.o(.text)
    CAN2_TX_IRQHandler                       0x0800034b   Thumb Code     0  startup_stm32f407xx.o(.text)
    DCMI_IRQHandler                          0x0800034b   Thumb Code     0  startup_stm32f407xx.o(.text)
    DMA1_Stream0_IRQHandler                  0x0800034b   Thumb Code     0  startup_stm32f407xx.o(.text)
    DMA1_Stream2_IRQHandler                  0x0800034b   Thumb Code     0  startup_stm32f407xx.o(.text)
    DMA1_Stream4_IRQHandler                  0x0800034b   Thumb Code     0  startup_stm32f407xx.o(.text)
    DMA1_Stream6_IRQHandler                  0x0800034b   Thumb Code     0  startup_stm32f407xx.o(.text)
    DMA1_Stream7_IRQHandler                  0x0800034b   Thumb Code     0  startup_stm32f407xx.o(.text)
    DMA2_Stream0_IRQHandler                  0x0800034b   Thumb Code     0  startup_stm32f407xx.o(.text)
    DMA2_Stream1_IRQHandler                  0x0800034b   Thumb Code     0  startup_stm32f407xx.o(.text)
    DMA2_Stream3_IRQHandler                  0x0800034b   Thumb Code     0  startup_stm32f407xx.o(.text)
    DMA2_Stream4_IRQHandler                  0x0800034b   Thumb Code     0  startup_stm32f407xx.o(.text)
    DMA2_Stream5_IRQHandler                  0x0800034b   Thumb Code     0  startup_stm32f407xx.o(.text)
    DMA2_Stream6_IRQHandler                  0x0800034b   Thumb Code     0  startup_stm32f407xx.o(.text)
    ETH_IRQHandler                           0x0800034b   Thumb Code     0  startup_stm32f407xx.o(.text)
    ETH_WKUP_IRQHandler                      0x0800034b   Thumb Code     0  startup_stm32f407xx.o(.text)
    EXTI0_IRQHandler                         0x0800034b   Thumb Code     0  startup_stm32f407xx.o(.text)
    EXTI15_10_IRQHandler                     0x0800034b   Thumb Code     0  startup_stm32f407xx.o(.text)
    EXTI1_IRQHandler                         0x0800034b   Thumb Code     0  startup_stm32f407xx.o(.text)
    EXTI2_IRQHandler                         0x0800034b   Thumb Code     0  startup_stm32f407xx.o(.text)
    EXTI3_IRQHandler                         0x0800034b   Thumb Code     0  startup_stm32f407xx.o(.text)
    EXTI4_IRQHandler                         0x0800034b   Thumb Code     0  startup_stm32f407xx.o(.text)
    EXTI9_5_IRQHandler                       0x0800034b   Thumb Code     0  startup_stm32f407xx.o(.text)
    FLASH_IRQHandler                         0x0800034b   Thumb Code     0  startup_stm32f407xx.o(.text)
    FMC_IRQHandler                           0x0800034b   Thumb Code     0  startup_stm32f407xx.o(.text)
    FPU_IRQHandler                           0x0800034b   Thumb Code     0  startup_stm32f407xx.o(.text)
    HASH_RNG_IRQHandler                      0x0800034b   Thumb Code     0  startup_stm32f407xx.o(.text)
    I2C1_ER_IRQHandler                       0x0800034b   Thumb Code     0  startup_stm32f407xx.o(.text)
    I2C1_EV_IRQHandler                       0x0800034b   Thumb Code     0  startup_stm32f407xx.o(.text)
    I2C2_ER_IRQHandler                       0x0800034b   Thumb Code     0  startup_stm32f407xx.o(.text)
    I2C2_EV_IRQHandler                       0x0800034b   Thumb Code     0  startup_stm32f407xx.o(.text)
    I2C3_ER_IRQHandler                       0x0800034b   Thumb Code     0  startup_stm32f407xx.o(.text)
    I2C3_EV_IRQHandler                       0x0800034b   Thumb Code     0  startup_stm32f407xx.o(.text)
    OTG_FS_IRQHandler                        0x0800034b   Thumb Code     0  startup_stm32f407xx.o(.text)
    OTG_FS_WKUP_IRQHandler                   0x0800034b   Thumb Code     0  startup_stm32f407xx.o(.text)
    OTG_HS_EP1_IN_IRQHandler                 0x0800034b   Thumb Code     0  startup_stm32f407xx.o(.text)
    OTG_HS_EP1_OUT_IRQHandler                0x0800034b   Thumb Code     0  startup_stm32f407xx.o(.text)
    OTG_HS_IRQHandler                        0x0800034b   Thumb Code     0  startup_stm32f407xx.o(.text)
    OTG_HS_WKUP_IRQHandler                   0x0800034b   Thumb Code     0  startup_stm32f407xx.o(.text)
    PVD_IRQHandler                           0x0800034b   Thumb Code     0  startup_stm32f407xx.o(.text)
    RCC_IRQHandler                           0x0800034b   Thumb Code     0  startup_stm32f407xx.o(.text)
    RTC_Alarm_IRQHandler                     0x0800034b   Thumb Code     0  startup_stm32f407xx.o(.text)
    RTC_WKUP_IRQHandler                      0x0800034b   Thumb Code     0  startup_stm32f407xx.o(.text)
    SDIO_IRQHandler                          0x0800034b   Thumb Code     0  startup_stm32f407xx.o(.text)
    SPI1_IRQHandler                          0x0800034b   Thumb Code     0  startup_stm32f407xx.o(.text)
    SPI2_IRQHandler                          0x0800034b   Thumb Code     0  startup_stm32f407xx.o(.text)
    SPI3_IRQHandler                          0x0800034b   Thumb Code     0  startup_stm32f407xx.o(.text)
    TAMP_STAMP_IRQHandler                    0x0800034b   Thumb Code     0  startup_stm32f407xx.o(.text)
    TIM1_BRK_TIM9_IRQHandler                 0x0800034b   Thumb Code     0  startup_stm32f407xx.o(.text)
    TIM1_CC_IRQHandler                       0x0800034b   Thumb Code     0  startup_stm32f407xx.o(.text)
    TIM1_TRG_COM_TIM11_IRQHandler            0x0800034b   Thumb Code     0  startup_stm32f407xx.o(.text)
    TIM1_UP_TIM10_IRQHandler                 0x0800034b   Thumb Code     0  startup_stm32f407xx.o(.text)
    TIM2_IRQHandler                          0x0800034b   Thumb Code     0  startup_stm32f407xx.o(.text)
    TIM3_IRQHandler                          0x0800034b   Thumb Code     0  startup_stm32f407xx.o(.text)
    TIM4_IRQHandler                          0x0800034b   Thumb Code     0  startup_stm32f407xx.o(.text)
    TIM5_IRQHandler                          0x0800034b   Thumb Code     0  startup_stm32f407xx.o(.text)
    TIM7_IRQHandler                          0x0800034b   Thumb Code     0  startup_stm32f407xx.o(.text)
    TIM8_BRK_TIM12_IRQHandler                0x0800034b   Thumb Code     0  startup_stm32f407xx.o(.text)
    TIM8_CC_IRQHandler                       0x0800034b   Thumb Code     0  startup_stm32f407xx.o(.text)
    TIM8_TRG_COM_TIM14_IRQHandler            0x0800034b   Thumb Code     0  startup_stm32f407xx.o(.text)
    TIM8_UP_TIM13_IRQHandler                 0x0800034b   Thumb Code     0  startup_stm32f407xx.o(.text)
    UART4_IRQHandler                         0x0800034b   Thumb Code     0  startup_stm32f407xx.o(.text)
    UART5_IRQHandler                         0x0800034b   Thumb Code     0  startup_stm32f407xx.o(.text)
    USART6_IRQHandler                        0x0800034b   Thumb Code     0  startup_stm32f407xx.o(.text)
    WWDG_IRQHandler                          0x0800034b   Thumb Code     0  startup_stm32f407xx.o(.text)
    __user_initial_stackheap                 0x0800034d   Thumb Code     0  startup_stm32f407xx.o(.text)
    __aeabi_uldivmod                         0x08000371   Thumb Code     0  lludivv7m.o(.text)
    _ll_udiv                                 0x08000371   Thumb Code   238  lludivv7m.o(.text)
    __2sprintf                               0x08000461   Thumb Code    34  noretval__2sprintf.o(.text)
    __printf                                 0x08000489   Thumb Code   104  __printf.o(.text)
    _printf_int_dec                          0x080004f1   Thumb Code   104  _printf_dec.o(.text)
    __aeabi_memcpy4                          0x08000569   Thumb Code     0  rt_memcpy_w.o(.text)
    __aeabi_memcpy8                          0x08000569   Thumb Code     0  rt_memcpy_w.o(.text)
    __rt_memcpy_w                            0x08000569   Thumb Code   100  rt_memcpy_w.o(.text)
    _memcpy_lastbytes_aligned                0x080005b1   Thumb Code     0  rt_memcpy_w.o(.text)
    __aeabi_memset                           0x080005cd   Thumb Code    16  aeabi_memset.o(.text)
    __aeabi_memclr4                          0x080005dd   Thumb Code     0  rt_memclr_w.o(.text)
    __aeabi_memclr8                          0x080005dd   Thumb Code     0  rt_memclr_w.o(.text)
    __rt_memclr_w                            0x080005dd   Thumb Code    78  rt_memclr_w.o(.text)
    _memset_w                                0x080005e1   Thumb Code     0  rt_memclr_w.o(.text)
    __use_two_region_memory                  0x0800062b   Thumb Code     2  heapauxi.o(.text)
    __rt_heap_escrow                         0x0800062d   Thumb Code     2  heapauxi.o(.text)
    __rt_heap_expand                         0x0800062f   Thumb Code     2  heapauxi.o(.text)
    _printf_int_common                       0x08000631   Thumb Code   178  _printf_intcommon.o(.text)
    _printf_char_common                      0x080006ef   Thumb Code    32  _printf_char_common.o(.text)
    _sputc                                   0x08000715   Thumb Code    10  _sputc.o(.text)
    __aeabi_memclr                           0x0800071f   Thumb Code     0  rt_memclr.o(.text)
    __rt_memclr                              0x0800071f   Thumb Code    68  rt_memclr.o(.text)
    _memset                                  0x08000723   Thumb Code     0  rt_memclr.o(.text)
    __user_setup_stackheap                   0x08000763   Thumb Code    74  sys_stackheap_outer.o(.text)
    exit                                     0x080007ad   Thumb Code    18  exit.o(.text)
    __user_libspace                          0x080007c1   Thumb Code     8  libspace.o(.text)
    __user_perproc_libspace                  0x080007c1   Thumb Code     0  libspace.o(.text)
    __user_perthread_libspace                0x080007c1   Thumb Code     0  libspace.o(.text)
    __I$use$semihosting                      0x080007c9   Thumb Code     0  use_no_semi.o(.text)
    __use_no_semihosting_swi                 0x080007c9   Thumb Code     2  use_no_semi.o(.text)
    __semihosting_library_function           0x080007cb   Thumb Code     0  indicate_semi.o(.text)
    _sys_exit                                0x080007cd   Thumb Code     8  sys_exit.o(.text)
    BusFault_Handler                         0x080007d9   Thumb Code     2  stm32f4xx_it.o(i.BusFault_Handler)
    CAN1_RX0_IRQHandler                      0x080007dd   Thumb Code     6  stm32f4xx_it.o(i.CAN1_RX0_IRQHandler)
    CAN_anter_chassis                        0x080007e9   Thumb Code    60  wheel.o(i.CAN_anter_chassis)
    CAN_cmd_chassis                          0x08000829   Thumb Code    66  wheel.o(i.CAN_cmd_chassis)
    CAN_sigan_chassis                        0x08000879   Thumb Code    56  wheel.o(i.CAN_sigan_chassis)
    DMA1_Stream1_IRQHandler                  0x080008bd   Thumb Code     6  stm32f4xx_it.o(i.DMA1_Stream1_IRQHandler)
    DMA1_Stream3_IRQHandler                  0x080008c9   Thumb Code     6  stm32f4xx_it.o(i.DMA1_Stream3_IRQHandler)
    DMA1_Stream5_IRQHandler                  0x080008d5   Thumb Code     6  stm32f4xx_it.o(i.DMA1_Stream5_IRQHandler)
    DMA2_Stream2_IRQHandler                  0x080008e1   Thumb Code     6  stm32f4xx_it.o(i.DMA2_Stream2_IRQHandler)
    DMA2_Stream7_IRQHandler                  0x080008ed   Thumb Code     6  stm32f4xx_it.o(i.DMA2_Stream7_IRQHandler)
    DebugMon_Handler                         0x0800099d   Thumb Code     2  stm32f4xx_it.o(i.DebugMon_Handler)
    ESP8266                                  0x080009a1   Thumb Code    24  esp8266.o(i.ESP8266)
    ESP8266_Init                             0x080009c1   Thumb Code    16  esp8266.o(i.ESP8266_Init)
    ESP8266_MODE_AP                          0x080009d1   Thumb Code    76  esp8266.o(i.ESP8266_MODE_AP)
    Error_Handler                            0x08000a25   Thumb Code     4  main.o(i.Error_Handler)
    HAL_CAN_ActivateNotification             0x08000a29   Thumb Code    36  stm32f4xx_hal_can.o(i.HAL_CAN_ActivateNotification)
    HAL_CAN_AddTxMessage                     0x08000a4d   Thumb Code   220  stm32f4xx_hal_can.o(i.HAL_CAN_AddTxMessage)
    HAL_CAN_ConfigFilter                     0x08000b29   Thumb Code   262  stm32f4xx_hal_can.o(i.HAL_CAN_ConfigFilter)
    HAL_CAN_ErrorCallback                    0x08000c35   Thumb Code     2  stm32f4xx_hal_can.o(i.HAL_CAN_ErrorCallback)
    HAL_CAN_GetRxMessage                     0x08000c37   Thumb Code   232  stm32f4xx_hal_can.o(i.HAL_CAN_GetRxMessage)
    HAL_CAN_IRQHandler                       0x08000d1f   Thumb Code   508  stm32f4xx_hal_can.o(i.HAL_CAN_IRQHandler)
    HAL_CAN_Init                             0x08000f1b   Thumb Code   282  stm32f4xx_hal_can.o(i.HAL_CAN_Init)
    HAL_CAN_MspInit                          0x08001035   Thumb Code   110  can.o(i.HAL_CAN_MspInit)
    HAL_CAN_RxFifo0FullCallback              0x080010b1   Thumb Code     2  stm32f4xx_hal_can.o(i.HAL_CAN_RxFifo0FullCallback)
    HAL_CAN_RxFifo0MsgPendingCallback        0x080010b5   Thumb Code   246  wheel.o(i.HAL_CAN_RxFifo0MsgPendingCallback)
    HAL_CAN_RxFifo1FullCallback              0x080011d5   Thumb Code     2  stm32f4xx_hal_can.o(i.HAL_CAN_RxFifo1FullCallback)
    HAL_CAN_RxFifo1MsgPendingCallback        0x080011d7   Thumb Code     2  stm32f4xx_hal_can.o(i.HAL_CAN_RxFifo1MsgPendingCallback)
    HAL_CAN_SleepCallback                    0x080011d9   Thumb Code     2  stm32f4xx_hal_can.o(i.HAL_CAN_SleepCallback)
    HAL_CAN_Start                            0x080011dd   Thumb Code    88  stm32f4xx_hal_can.o(i.HAL_CAN_Start)
    HAL_CAN_TxMailbox0AbortCallback          0x08001235   Thumb Code     2  stm32f4xx_hal_can.o(i.HAL_CAN_TxMailbox0AbortCallback)
    HAL_CAN_TxMailbox0CompleteCallback       0x08001237   Thumb Code     2  stm32f4xx_hal_can.o(i.HAL_CAN_TxMailbox0CompleteCallback)
    HAL_CAN_TxMailbox1AbortCallback          0x08001239   Thumb Code     2  stm32f4xx_hal_can.o(i.HAL_CAN_TxMailbox1AbortCallback)
    HAL_CAN_TxMailbox1CompleteCallback       0x0800123b   Thumb Code     2  stm32f4xx_hal_can.o(i.HAL_CAN_TxMailbox1CompleteCallback)
    HAL_CAN_TxMailbox2AbortCallback          0x0800123d   Thumb Code     2  stm32f4xx_hal_can.o(i.HAL_CAN_TxMailbox2AbortCallback)
    HAL_CAN_TxMailbox2CompleteCallback       0x0800123f   Thumb Code     2  stm32f4xx_hal_can.o(i.HAL_CAN_TxMailbox2CompleteCallback)
    HAL_CAN_WakeUpFromRxMsgCallback          0x08001241   Thumb Code     2  stm32f4xx_hal_can.o(i.HAL_CAN_WakeUpFromRxMsgCallback)
    HAL_DMA_Abort                            0x08001243   Thumb Code   146  stm32f4xx_hal_dma.o(i.HAL_DMA_Abort)
    HAL_DMA_Abort_IT                         0x080012d5   Thumb Code    36  stm32f4xx_hal_dma.o(i.HAL_DMA_Abort_IT)
    HAL_DMA_IRQHandler                       0x080012f9   Thumb Code   412  stm32f4xx_hal_dma.o(i.HAL_DMA_IRQHandler)
    HAL_DMA_Init                             0x08001499   Thumb Code   206  stm32f4xx_hal_dma.o(i.HAL_DMA_Init)
    HAL_DMA_Start_IT                         0x0800156d   Thumb Code   110  stm32f4xx_hal_dma.o(i.HAL_DMA_Start_IT)
    HAL_GPIO_Init                            0x080015dd   Thumb Code   450  stm32f4xx_hal_gpio.o(i.HAL_GPIO_Init)
    HAL_GPIO_ReadPin                         0x080017cd   Thumb Code    10  stm32f4xx_hal_gpio.o(i.HAL_GPIO_ReadPin)
    HAL_GPIO_WritePin                        0x080017d7   Thumb Code    10  stm32f4xx_hal_gpio.o(i.HAL_GPIO_WritePin)
    HAL_GetTick                              0x080017e1   Thumb Code     6  stm32f4xx_hal.o(i.HAL_GetTick)
    HAL_I2C_Init                             0x080017ed   Thumb Code   376  stm32f4xx_hal_i2c.o(i.HAL_I2C_Init)
    HAL_I2C_IsDeviceReady                    0x08001975   Thumb Code   354  stm32f4xx_hal_i2c.o(i.HAL_I2C_IsDeviceReady)
    HAL_I2C_Master_Transmit                  0x08001ae1   Thumb Code   290  stm32f4xx_hal_i2c.o(i.HAL_I2C_Master_Transmit)
    HAL_I2C_MspInit                          0x08001c0d   Thumb Code    92  i2c.o(i.HAL_I2C_MspInit)
    HAL_IncTick                              0x08001c75   Thumb Code    12  stm32f4xx_hal.o(i.HAL_IncTick)
    HAL_Init                                 0x08001c85   Thumb Code    48  stm32f4xx_hal.o(i.HAL_Init)
    HAL_InitTick                             0x08001cb9   Thumb Code   132  stm32f4xx_hal_timebase_tim.o(i.HAL_InitTick)
    HAL_MspInit                              0x08001d51   Thumb Code    52  stm32f4xx_hal_msp.o(i.HAL_MspInit)
    HAL_NVIC_EnableIRQ                       0x08001d89   Thumb Code    26  stm32f4xx_hal_cortex.o(i.HAL_NVIC_EnableIRQ)
    HAL_NVIC_SetPriority                     0x08001da5   Thumb Code    60  stm32f4xx_hal_cortex.o(i.HAL_NVIC_SetPriority)
    HAL_NVIC_SetPriorityGrouping             0x08001de5   Thumb Code    26  stm32f4xx_hal_cortex.o(i.HAL_NVIC_SetPriorityGrouping)
    HAL_RCC_ClockConfig                      0x08001e09   Thumb Code   288  stm32f4xx_hal_rcc.o(i.HAL_RCC_ClockConfig)
    HAL_RCC_GetClockConfig                   0x08001f3d   Thumb Code    54  stm32f4xx_hal_rcc.o(i.HAL_RCC_GetClockConfig)
    HAL_RCC_GetPCLK1Freq                     0x08001f7d   Thumb Code    20  stm32f4xx_hal_rcc.o(i.HAL_RCC_GetPCLK1Freq)
    HAL_RCC_GetPCLK2Freq                     0x08001f9d   Thumb Code    20  stm32f4xx_hal_rcc.o(i.HAL_RCC_GetPCLK2Freq)
    HAL_RCC_GetSysClockFreq                  0x08001fbd   Thumb Code    88  stm32f4xx_hal_rcc.o(i.HAL_RCC_GetSysClockFreq)
    HAL_RCC_OscConfig                        0x08002021   Thumb Code   856  stm32f4xx_hal_rcc.o(i.HAL_RCC_OscConfig)
    HAL_TIMEx_BreakCallback                  0x0800238d   Thumb Code     2  stm32f4xx_hal_tim_ex.o(i.HAL_TIMEx_BreakCallback)
    HAL_TIMEx_CommutCallback                 0x0800238f   Thumb Code     2  stm32f4xx_hal_tim_ex.o(i.HAL_TIMEx_CommutCallback)
    HAL_TIMEx_ConfigBreakDeadTime            0x08002391   Thumb Code    84  stm32f4xx_hal_tim_ex.o(i.HAL_TIMEx_ConfigBreakDeadTime)
    HAL_TIMEx_MasterConfigSynchronization    0x080023e5   Thumb Code   116  stm32f4xx_hal_tim_ex.o(i.HAL_TIMEx_MasterConfigSynchronization)
    HAL_TIM_Base_Init                        0x08002475   Thumb Code    90  stm32f4xx_hal_tim.o(i.HAL_TIM_Base_Init)
    HAL_TIM_Base_MspInit                     0x080024cf   Thumb Code     2  stm32f4xx_hal_tim.o(i.HAL_TIM_Base_MspInit)
    HAL_TIM_Base_Start                       0x080024d1   Thumb Code    90  stm32f4xx_hal_tim.o(i.HAL_TIM_Base_Start)
    HAL_TIM_Base_Start_IT                    0x08002549   Thumb Code   100  stm32f4xx_hal_tim.o(i.HAL_TIM_Base_Start_IT)
    HAL_TIM_IC_CaptureCallback               0x080025c9   Thumb Code     2  stm32f4xx_hal_tim.o(i.HAL_TIM_IC_CaptureCallback)
    HAL_TIM_IRQHandler                       0x080025cb   Thumb Code   358  stm32f4xx_hal_tim.o(i.HAL_TIM_IRQHandler)
    HAL_TIM_MspPostInit                      0x08002731   Thumb Code    72  tim.o(i.HAL_TIM_MspPostInit)
    HAL_TIM_OC_DelayElapsedCallback          0x08002785   Thumb Code     2  stm32f4xx_hal_tim.o(i.HAL_TIM_OC_DelayElapsedCallback)
    HAL_TIM_PWM_ConfigChannel                0x08002787   Thumb Code   204  stm32f4xx_hal_tim.o(i.HAL_TIM_PWM_ConfigChannel)
    HAL_TIM_PWM_Init                         0x08002853   Thumb Code    90  stm32f4xx_hal_tim.o(i.HAL_TIM_PWM_Init)
    HAL_TIM_PWM_MspInit                      0x080028ad   Thumb Code    30  tim.o(i.HAL_TIM_PWM_MspInit)
    HAL_TIM_PWM_PulseFinishedCallback        0x080028d5   Thumb Code     2  stm32f4xx_hal_tim.o(i.HAL_TIM_PWM_PulseFinishedCallback)
    HAL_TIM_PWM_Start                        0x080028d9   Thumb Code   172  stm32f4xx_hal_tim.o(i.HAL_TIM_PWM_Start)
    HAL_TIM_PeriodElapsedCallback            0x080029a1   Thumb Code    14  main.o(i.HAL_TIM_PeriodElapsedCallback)
    HAL_TIM_TriggerCallback                  0x080029b5   Thumb Code     2  stm32f4xx_hal_tim.o(i.HAL_TIM_TriggerCallback)
    HAL_UARTEx_RxEventCallback               0x080029b7   Thumb Code     2  stm32f4xx_hal_uart.o(i.HAL_UARTEx_RxEventCallback)
    HAL_UART_ErrorCallback                   0x080029b9   Thumb Code     2  stm32f4xx_hal_uart.o(i.HAL_UART_ErrorCallback)
    HAL_UART_IRQHandler                      0x080029bd   Thumb Code   610  stm32f4xx_hal_uart.o(i.HAL_UART_IRQHandler)
    HAL_UART_Init                            0x08002c25   Thumb Code    98  stm32f4xx_hal_uart.o(i.HAL_UART_Init)
    HAL_UART_MspInit                         0x08002c89   Thumb Code   576  usart.o(i.HAL_UART_MspInit)
    HAL_UART_Receive_DMA                     0x08002ef1   Thumb Code    42  stm32f4xx_hal_uart.o(i.HAL_UART_Receive_DMA)
    HAL_UART_Receive_IT                      0x08002f1b   Thumb Code    42  stm32f4xx_hal_uart.o(i.HAL_UART_Receive_IT)
    HAL_UART_RxCpltCallback                  0x08002f45   Thumb Code   568  jy62.o(i.HAL_UART_RxCpltCallback)
    HAL_UART_RxHalfCpltCallback              0x080031b5   Thumb Code     2  stm32f4xx_hal_uart.o(i.HAL_UART_RxHalfCpltCallback)
    HAL_UART_Transmit                        0x080031b9   Thumb Code   178  stm32f4xx_hal_uart.o(i.HAL_UART_Transmit)
    HAL_UART_TxCpltCallback                  0x0800326b   Thumb Code     2  stm32f4xx_hal_uart.o(i.HAL_UART_TxCpltCallback)
    HardFault_Handler                        0x0800326d   Thumb Code     2  stm32f4xx_it.o(i.HardFault_Handler)
    JY62_1                                   0x080034d1   Thumb Code    60  jy62.o(i.JY62_1)
    JY62initial                              0x0800351d   Thumb Code    88  jy62.o(i.JY62initial)
    MX_CAN1_Init                             0x08003585   Thumb Code    60  can.o(i.MX_CAN1_Init)
    MX_DMA_Init                              0x080035c9   Thumb Code   120  dma.o(i.MX_DMA_Init)
    MX_FREERTOS_Init                         0x08003645   Thumb Code   118  freertos.o(i.MX_FREERTOS_Init)
    MX_GPIO_Init                             0x080036c5   Thumb Code   264  gpio.o(i.MX_GPIO_Init)
    MX_I2C1_Init                             0x080037e5   Thumb Code    50  i2c.o(i.MX_I2C1_Init)
    MX_TIM1_Init                             0x08003825   Thumb Code   200  tim.o(i.MX_TIM1_Init)
    MX_USART1_UART_Init                      0x080038f5   Thumb Code    48  usart.o(i.MX_USART1_UART_Init)
    MX_USART2_UART_Init                      0x0800392d   Thumb Code    48  usart.o(i.MX_USART2_UART_Init)
    MX_USART3_UART_Init                      0x08003965   Thumb Code    48  usart.o(i.MX_USART3_UART_Init)
    MemManage_Handler                        0x0800399d   Thumb Code     2  stm32f4xx_it.o(i.MemManage_Handler)
    NMI_Handler                              0x0800399f   Thumb Code     2  stm32f4xx_it.o(i.NMI_Handler)
    SSD1306_DrawPixel                        0x080039a1   Thumb Code    54  ssd1306.o(i.SSD1306_DrawPixel)
    SSD1306_Fill                             0x080039e1   Thumb Code    18  ssd1306.o(i.SSD1306_Fill)
    SSD1306_GotoXY                           0x080039f9   Thumb Code     8  ssd1306.o(i.SSD1306_GotoXY)
    SSD1306_Init                             0x08003a05   Thumb Code   350  ssd1306.o(i.SSD1306_Init)
    SSD1306_Putc                             0x08003b6d   Thumb Code   156  ssd1306.o(i.SSD1306_Putc)
    SSD1306_Puts                             0x08003c0d   Thumb Code    40  ssd1306.o(i.SSD1306_Puts)
    SSD1306_UpdateScreen                     0x08003c35   Thumb Code    66  ssd1306.o(i.SSD1306_UpdateScreen)
    Select_User_To_Clear                     0x08003c7d   Thumb Code   380  esp8266.o(i.Select_User_To_Clear)
    SysTick_Handler                          0x08003e05   Thumb Code    38  port.o(i.SysTick_Handler)
    SystemClock_Config                       0x08003e31   Thumb Code   140  main.o(i.SystemClock_Config)
    SystemInit                               0x08003ec5   Thumb Code    12  system_stm32f4xx.o(i.SystemInit)
    TIM6_DAC_IRQHandler                      0x08003ed5   Thumb Code     6  stm32f4xx_it.o(i.TIM6_DAC_IRQHandler)
    TIM_Base_SetConfig                       0x08003ee1   Thumb Code   156  stm32f4xx_hal_tim.o(i.TIM_Base_SetConfig)
    TIM_CCxChannelCmd                        0x08003fa9   Thumb Code    26  stm32f4xx_hal_tim.o(i.TIM_CCxChannelCmd)
    TIM_OC2_SetConfig                        0x08004025   Thumb Code    98  stm32f4xx_hal_tim.o(i.TIM_OC2_SetConfig)
    UART_Start_Receive_DMA                   0x08004475   Thumb Code   134  stm32f4xx_hal_uart.o(i.UART_Start_Receive_DMA)
    UART_Start_Receive_IT                    0x08004509   Thumb Code    58  stm32f4xx_hal_uart.o(i.UART_Start_Receive_IT)
    USART1_IRQHandler                        0x080045bd   Thumb Code     6  stm32f4xx_it.o(i.USART1_IRQHandler)
    USART2_IRQHandler                        0x080045c9   Thumb Code     6  stm32f4xx_it.o(i.USART2_IRQHandler)
    USART3_IRQHandler                        0x080045d5   Thumb Code     6  stm32f4xx_it.o(i.USART3_IRQHandler)
    UsageFault_Handler                       0x080045e1   Thumb Code     2  stm32f4xx_it.o(i.UsageFault_Handler)
    can_filter_init                          0x08004605   Thumb Code    52  can.o(i.can_filter_init)
    chasis                                   0x0800463d   Thumb Code  2496  wheel.o(i.chasis)
    duoji                                    0x08005015   Thumb Code   348  duoji.o(i.duoji)
    fangzhi                                  0x08005185   Thumb Code   544  duoji.o(i.fangzhi)
    fangzhi_cheng_2                          0x080053b9   Thumb Code  1272  duoji.o(i.fangzhi_cheng_2)
    fangzhi_cu_1                             0x080058b9   Thumb Code  1374  duoji.o(i.fangzhi_cu_1)
    fangzhi_cu_2                             0x08005e29   Thumb Code  1416  duoji.o(i.fangzhi_cu_2)
    fangzhi_cu_3                             0x080063c9   Thumb Code  1414  duoji.o(i.fangzhi_cu_3)
    fangzhi_ercheng                          0x08006969   Thumb Code   432  duoji.o(i.fangzhi_ercheng)
    get_JY62                                 0x08006b29   Thumb Code    24  jy62.o(i.get_JY62)
    guiwei                                   0x08006b45   Thumb Code   416  duoji.o(i.guiwei)
    guiwei_cu                                0x08006cf1   Thumb Code   280  duoji.o(i.guiwei_cu)
    guiwei_ercheng                           0x08006e11   Thumb Code   382  duoji.o(i.guiwei_ercheng)
    houtui                                   0x08006fa1   Thumb Code   122  xunji.o(i.houtui)
    jinyige                                  0x08007021   Thumb Code    98  wheel.o(i.jinyige)
    jinyige_2                                0x08007091   Thumb Code    90  wheel.o(i.jinyige_2)
    m_max_speed                              0x080070f9   Thumb Code   102  wheel.o(i.m_max_speed)
    main                                     0x08007169   Thumb Code    58  main.o(i.main)
    openmv                                   0x080071b5   Thumb Code     8  duoji.o(i.openmv)
    osDelay                                  0x080071c1   Thumb Code    14  cmsis_os.o(i.osDelay)
    osKernelStart                            0x080071cf   Thumb Code    10  cmsis_os.o(i.osKernelStart)
    osThreadCreate                           0x080071d9   Thumb Code    84  cmsis_os.o(i.osThreadCreate)
    pid_elevator_setting                     0x080074ed   Thumb Code    84  wheel.o(i.pid_elevator_setting)
    pid_elevator_setting_sudu                0x08007545   Thumb Code     6  wheel.o(i.pid_elevator_setting_sudu)
    pid_elevator_setting_sudu_remote         0x0800754d   Thumb Code    60  wheel.o(i.pid_elevator_setting_sudu_remote)
    pid_init                                 0x0800758d   Thumb Code    18  pid.o(i.pid_init)
    pid_main_init                            0x080075b1   Thumb Code   648  wheel.o(i.pid_main_init)
    pid_motor_setting                        0x08007869   Thumb Code   216  wheel.o(i.pid_motor_setting)
    pid_motor_setting_sudu                   0x08007945   Thumb Code    12  wheel.o(i.pid_motor_setting_sudu)
    pid_yuntai_setting                       0x080079b1   Thumb Code    58  wheel.o(i.pid_yuntai_setting)
    pid_yuntai_setting_sudu                  0x080079f1   Thumb Code    64  wheel.o(i.pid_yuntai_setting_sudu)
    pvPortMalloc                             0x08007d7d   Thumb Code   216  heap_4.o(i.pvPortMalloc)
    pwm_init                                 0x08007e59   Thumb Code    64  duoji.o(i.pwm_init)
    pxPortInitialiseStack                    0x08007e9d   Thumb Code    40  port.o(i.pxPortInitialiseStack)
    qianjin                                  0x08007ec9   Thumb Code   114  xunji.o(i.qianjin)
    set_angel                                0x08007f45   Thumb Code   288  jy62.o(i.set_angel)
    ssd1306_I2C_Init                         0x0800808d   Thumb Code     8  ssd1306.o(i.ssd1306_I2C_Init)
    ssd1306_I2C_Write                        0x08008099   Thumb Code    28  ssd1306.o(i.ssd1306_I2C_Write)
    ssd1306_I2C_WriteMulti                   0x080080b9   Thumb Code    50  ssd1306.o(i.ssd1306_I2C_WriteMulti)
    uxListRemove                             0x080080f1   Thumb Code    38  list.o(i.uxListRemove)
    vApplicationGetIdleTaskMemory            0x08008119   Thumb Code    16  freertos.o(i.vApplicationGetIdleTaskMemory)
    vListInitialise                          0x0800812d   Thumb Code    22  list.o(i.vListInitialise)
    vListInitialiseItem                      0x08008143   Thumb Code     6  list.o(i.vListInitialiseItem)
    vListInsert                              0x08008149   Thumb Code    48  list.o(i.vListInsert)
    vListInsertEnd                           0x08008179   Thumb Code    24  list.o(i.vListInsertEnd)
    vPortEnterCritical                       0x08008191   Thumb Code    54  port.o(i.vPortEnterCritical)
    vPortExitCritical                        0x080081d1   Thumb Code    34  port.o(i.vPortExitCritical)
    vPortFree                                0x080081f9   Thumb Code    94  heap_4.o(i.vPortFree)
    vPortSetupTimerInterrupt                 0x0800825d   Thumb Code    32  port.o(i.vPortSetupTimerInterrupt)
    vTaskDelay                               0x08008281   Thumb Code    66  tasks.o(i.vTaskDelay)
    vTaskStartScheduler                      0x080082cd   Thumb Code    90  tasks.o(i.vTaskStartScheduler)
    vTaskSuspendAll                          0x08008339   Thumb Code    10  tasks.o(i.vTaskSuspendAll)
    vTaskSwitchContext                       0x08008349   Thumb Code    82  tasks.o(i.vTaskSwitchContext)
    wheelhandle                              0x080083a5   Thumb Code   628  wheel.o(i.wheelhandle)
    wuliaotai                                0x08008639   Thumb Code     8  duoji.o(i.wuliaotai)
    xPortStartScheduler                      0x08008645   Thumb Code   222  port.o(i.xPortStartScheduler)
    xTaskCreate                              0x08008739   Thumb Code    90  tasks.o(i.xTaskCreate)
    xTaskCreateStatic                        0x08008793   Thumb Code    86  tasks.o(i.xTaskCreateStatic)
    xTaskIncrementTick                       0x080087e9   Thumb Code   194  tasks.o(i.xTaskIncrementTick)
    xTaskResumeAll                           0x080088b5   Thumb Code   182  tasks.o(i.xTaskResumeAll)
    xianshi_1                                0x08008979   Thumb Code   226  screen.o(i.xianshi_1)
    xjhou                                    0x08008a75   Thumb Code    46  xunji.o(i.xjhou)
    xjqian                                   0x08008aad   Thumb Code    44  xunji.o(i.xjqian)
    xjyou_l2                                 0x08008ae1   Thumb Code    46  xunji.o(i.xjyou_l2)
    xjzuo                                    0x08008b19   Thumb Code    46  xunji.o(i.xjzuo)
    zhuaqu_cu                                0x08008b51   Thumb Code  1642  duoji.o(i.zhuaqu_cu)
    zhuaqu_yuan                              0x080091dd   Thumb Code  1222  duoji.o(i.zhuaqu_yuan)
    zhuaqu_yuan_2                            0x080096ad   Thumb Code  1032  duoji.o(i.zhuaqu_yuan_2)
    zhuazi                                   0x08009ab5   Thumb Code     8  duoji.o(i.zhuazi)
    zuoyi                                    0x08009ac1   Thumb Code   148  xunji.o(i.zuoyi)
    __aeabi_dadd                             0x08009b61   Thumb Code     0  daddsub_clz.o(x$fpl$dadd)
    _dadd                                    0x08009b61   Thumb Code   332  daddsub_clz.o(x$fpl$dadd)
    __fpl_dcmp_Inf                           0x08009cb1   Thumb Code    24  dcmpi.o(x$fpl$dcmpinf)
    __aeabi_ddiv                             0x08009cc9   Thumb Code     0  ddiv.o(x$fpl$ddiv)
    _ddiv                                    0x08009cc9   Thumb Code   552  ddiv.o(x$fpl$ddiv)
    __aeabi_d2iz                             0x08009f79   Thumb Code     0  dfix.o(x$fpl$dfix)
    _dfix                                    0x08009f79   Thumb Code    94  dfix.o(x$fpl$dfix)
    __aeabi_i2d                              0x08009fd7   Thumb Code     0  dflt_clz.o(x$fpl$dflt)
    _dflt                                    0x08009fd7   Thumb Code    46  dflt_clz.o(x$fpl$dflt)
    __aeabi_ui2d                             0x0800a005   Thumb Code     0  dflt_clz.o(x$fpl$dfltu)
    _dfltu                                   0x0800a005   Thumb Code    38  dflt_clz.o(x$fpl$dfltu)
    __aeabi_cdcmple                          0x0800a02d   Thumb Code     0  dleqf.o(x$fpl$dleqf)
    _dcmple                                  0x0800a02d   Thumb Code   120  dleqf.o(x$fpl$dleqf)
    __fpl_dcmple_InfNaN                      0x0800a08f   Thumb Code     0  dleqf.o(x$fpl$dleqf)
    __aeabi_dmul                             0x0800a0a5   Thumb Code     0  dmul.o(x$fpl$dmul)
    _dmul                                    0x0800a0a5   Thumb Code   332  dmul.o(x$fpl$dmul)
    __fpl_dnaninf                            0x0800a1f9   Thumb Code   156  dnaninf.o(x$fpl$dnaninf)
    __fpl_dretinf                            0x0800a295   Thumb Code    12  dretinf.o(x$fpl$dretinf)
    __aeabi_cdrcmple                         0x0800a2a1   Thumb Code     0  drleqf.o(x$fpl$drleqf)
    _drcmple                                 0x0800a2a1   Thumb Code   108  drleqf.o(x$fpl$drleqf)
    __aeabi_drsub                            0x0800a30d   Thumb Code     0  daddsub_clz.o(x$fpl$drsb)
    _drsb                                    0x0800a30d   Thumb Code    22  daddsub_clz.o(x$fpl$drsb)
    __aeabi_dsub                             0x0800a325   Thumb Code     0  daddsub_clz.o(x$fpl$dsub)
    _dsub                                    0x0800a325   Thumb Code   464  daddsub_clz.o(x$fpl$dsub)
    __aeabi_f2d                              0x0800a4f9   Thumb Code     0  f2d.o(x$fpl$f2d)
    _f2d                                     0x0800a4f9   Thumb Code    86  f2d.o(x$fpl$f2d)
    __fpl_fnaninf                            0x0800a54f   Thumb Code   140  fnaninf.o(x$fpl$fnaninf)
    _fp_init                                 0x0800a5db   Thumb Code    10  fpinit.o(x$fpl$fpinit)
    __fplib_config_fpu_vfp                   0x0800a5e3   Thumb Code     0  fpinit.o(x$fpl$fpinit)
    __fplib_config_pureend_doubles           0x0800a5e3   Thumb Code     0  fpinit.o(x$fpl$fpinit)
    Font16x26                                0x0800a5e4   Data        4940  fonts.o(.constdata)
    __I$use$fp                               0x0800a5e4   Number         0  usenofp.o(x$fpl$usenofp)
    AHBPrescTable                            0x0800b9c4   Data          16  system_stm32f4xx.o(.constdata)
    APBPrescTable                            0x0800b9d4   Data           8  system_stm32f4xx.o(.constdata)
    Region$$Table$$Base                      0x0800ba04   Number         0  anon$$obj.o(Region$$Table)
    Region$$Table$$Limit                     0x0800ba24   Number         0  anon$$obj.o(Region$$Table)
    ucData                                   0x20000003   Data           1  jy62.o(.data)
    mvucbuf                                  0x20000004   Data           1  jy62.o(.data)
    esp8266_buf                              0x20000005   Data           1  jy62.o(.data)
    x                                        0x20000008   Data           4  jy62.o(.data)
    y                                        0x2000000c   Data           4  jy62.o(.data)
    z                                        0x20000010   Data           4  jy62.o(.data)
    stcAcc                                   0x20000014   Data           8  jy62.o(.data)
    stcGyro                                  0x2000001c   Data           8  jy62.o(.data)
    stcAngle                                 0x20000024   Data           8  jy62.o(.data)
    YAWCMD                                   0x2000002c   Data          12  jy62.o(.data)
    ACCCMD                                   0x20000038   Data          12  jy62.o(.data)
    level_set                                0x20000044   Data          12  jy62.o(.data)
    success                                  0x20000050   Data           4  jy62.o(.data)
    max_speed                                0x20000056   Data           2  wheel.o(.data)
    tiqian_run                               0x20000058   Data           4  wheel.o(.data)
    shunxu_wei                               0x2000005c   Data           4  wheel.o(.data)
    time                                     0x20000060   Data           4  wheel.o(.data)
    saomiao                                  0x20000064   Data           4  wheel.o(.data)
    chenggong                                0x20000068   Data           4  wheel.o(.data)
    current_angel                            0x2000006c   Data           4  wheel.o(.data)
    rx_data                                  0x20000070   Data           8  wheel.o(.data)
    a                                        0x20000078   Data           8  wheel.o(.data)
    set                                      0x20000090   Data           4  duoji.o(.data)
    bihe                                     0x20000094   Data           4  duoji.o(.data)
    dakai                                    0x20000098   Data           4  duoji.o(.data)
    dakai_cu                                 0x2000009c   Data           4  duoji.o(.data)
    weizhi                                   0x200000a0   Data           4  duoji.o(.data)
    weizhi_cu                                0x200000a4   Data           4  duoji.o(.data)
    s                                        0x200000a8   Data           6  duoji.o(.data)
    e                                        0x200000ae   Data           6  duoji.o(.data)
    f_m_number                               0x200000b4   Data           4  xunji.o(.data)
    l_m_number                               0x200000b8   Data           4  xunji.o(.data)
    r_m_number                               0x200000bc   Data           4  xunji.o(.data)
    r_l2_number                              0x200000c0   Data           4  xunji.o(.data)
    r_r2_number                              0x200000c4   Data           4  xunji.o(.data)
    b_m_number                               0x200000c8   Data           4  xunji.o(.data)
    xjq1                                     0x200000cc   Data           4  xunji.o(.data)
    xjq2                                     0x200000d0   Data           4  xunji.o(.data)
    xjl1                                     0x200000d4   Data           4  xunji.o(.data)
    xjl2                                     0x200000d8   Data           4  xunji.o(.data)
    xjr1                                     0x200000dc   Data           4  xunji.o(.data)
    xjr1_l2                                  0x200000e0   Data           4  xunji.o(.data)
    xjr2                                     0x200000e4   Data           4  xunji.o(.data)
    xjr2_l2                                  0x200000e8   Data           4  xunji.o(.data)
    xjr1_r2                                  0x200000ec   Data           4  xunji.o(.data)
    xjr2_r2                                  0x200000f0   Data           4  xunji.o(.data)
    xjbm1                                    0x200000f4   Data           4  xunji.o(.data)
    xjbm2                                    0x200000f8   Data           4  xunji.o(.data)
    Font_16x26                               0x200000fc   Data           8  fonts.o(.data)
    date                                     0x20000104   Data           7  screen.o(.data)
    moshi                                    0x20000114   Data           4  esp8266.o(.data)
    BuildAP                                  0x20000118   Data          33  esp8266.o(.data)
    duomoshi                                 0x20000139   Data          15  esp8266.o(.data)
    ip                                       0x20000148   Data          23  esp8266.o(.data)
    dianjiHandle                             0x20000160   Data           4  freertos.o(.data)
    duoji_1Handle                            0x20000164   Data           4  freertos.o(.data)
    jy62Handle                               0x20000168   Data           4  freertos.o(.data)
    xianshiHandle                            0x2000016c   Data           4  freertos.o(.data)
    esp8266Handle                            0x20000170   Data           4  freertos.o(.data)
    uwTickFreq                               0x20000174   Data           1  stm32f4xx_hal.o(.data)
    uwTickPrio                               0x20000178   Data           4  stm32f4xx_hal.o(.data)
    uwTick                                   0x2000017c   Data           4  stm32f4xx_hal.o(.data)
    SystemCoreClock                          0x20000180   Data           4  system_stm32f4xx.o(.data)
    pxCurrentTCB                             0x20000184   Data           4  tasks.o(.data)
    openmvdate                               0x200002e6   Data          11  jy62.o(.bss)
    esp8266date                              0x200002f1   Data          12  jy62.o(.bss)
    JY62                                     0x200004f4   Data          36  jy62.o(.bss)
    JY62_record                              0x20000518   Data          36  jy62.o(.bss)
    JY62_error                               0x2000053c   Data          36  jy62.o(.bss)
    JY62_buf                                 0x20000560   Data         724  jy62.o(.bss)
    motor_chassis                            0x20000834   Data         224  wheel.o(.bss)
    motor_chassis_b                          0x20000914   Data          10  wheel.o(.bss)
    guiwei_work                              0x20000920   Data          12  wheel.o(.bss)
    shunxu                                   0x2000092c   Data          24  wheel.o(.bss)
    rx_header                                0x20000eb4   Data          28  wheel.o(.bss)
    hcan1                                    0x20001524   Data          40  can.o(.bss)
    hi2c1                                    0x2000154c   Data          84  i2c.o(.bss)
    htim1                                    0x200015a0   Data          72  tim.o(.bss)
    huart1                                   0x200015e8   Data          68  usart.o(.bss)
    huart2                                   0x2000162c   Data          68  usart.o(.bss)
    huart3                                   0x20001670   Data          68  usart.o(.bss)
    hdma_usart1_rx                           0x200016b4   Data          96  usart.o(.bss)
    hdma_usart1_tx                           0x20001714   Data          96  usart.o(.bss)
    hdma_usart2_rx                           0x20001774   Data          96  usart.o(.bss)
    hdma_usart3_rx                           0x200017d4   Data          96  usart.o(.bss)
    hdma_usart3_tx                           0x20001834   Data          96  usart.o(.bss)
    htim6                                    0x20001894   Data          72  stm32f4xx_hal_timebase_tim.o(.bss)
    __libspace_start                         0x2000cafc   Data          96  libspace.o(.bss)
    __temporary_stack_top$libspace           0x2000cb5c   Data           0  libspace.o(.bss)



==============================================================================

Memory Map of the image

  Image Entry point : 0x08000189

  Load Region LR_IROM1 (Base: 0x08000000, Size: 0x0000bc10, Max: 0x00080000, ABSOLUTE, COMPRESSED[0x0000ba94])

    Execution Region ER_IROM1 (Exec base: 0x08000000, Load base: 0x08000000, Size: 0x0000ba24, Max: 0x00080000, ABSOLUTE)

    Exec Addr    Load Addr    Size         Type   Attr      Idx    E Section Name        Object

    0x08000000   0x08000000   0x00000188   Data   RO            3    RESET               startup_stm32f407xx.o
    0x08000188   0x08000188   0x00000008   Code   RO         6520  * !!!main             c_w.l(__main.o)
    0x08000190   0x08000190   0x00000034   Code   RO         6894    !!!scatter          c_w.l(__scatter.o)
    0x080001c4   0x080001c4   0x0000005a   Code   RO         6892    !!dczerorl2         c_w.l(__dczerorl2.o)
    0x0800021e   0x0800021e   0x00000002   PAD
    0x08000220   0x08000220   0x0000001c   Code   RO         6896    !!handler_zi        c_w.l(__scatter_zi.o)
    0x0800023c   0x0800023c   0x00000000   Code   RO         6503    .ARM.Collect$$_printf_percent$$00000000  c_w.l(_printf_percent.o)
    0x0800023c   0x0800023c   0x00000006   Code   RO         6502    .ARM.Collect$$_printf_percent$$00000009  c_w.l(_printf_d.o)
    0x08000242   0x08000242   0x00000004   Code   RO         6565    .ARM.Collect$$_printf_percent$$00000017  c_w.l(_printf_percent_end.o)
    0x08000246   0x08000246   0x00000002   Code   RO         6701    .ARM.Collect$$libinit$$00000000  c_w.l(libinit.o)
    0x08000248   0x08000248   0x00000004   Code   RO         6702    .ARM.Collect$$libinit$$00000001  c_w.l(libinit2.o)
    0x0800024c   0x0800024c   0x00000000   Code   RO         6705    .ARM.Collect$$libinit$$00000004  c_w.l(libinit2.o)
    0x0800024c   0x0800024c   0x00000000   Code   RO         6708    .ARM.Collect$$libinit$$0000000A  c_w.l(libinit2.o)
    0x0800024c   0x0800024c   0x00000000   Code   RO         6710    .ARM.Collect$$libinit$$0000000C  c_w.l(libinit2.o)
    0x0800024c   0x0800024c   0x00000000   Code   RO         6712    .ARM.Collect$$libinit$$0000000E  c_w.l(libinit2.o)
    0x0800024c   0x0800024c   0x00000000   Code   RO         6715    .ARM.Collect$$libinit$$00000011  c_w.l(libinit2.o)
    0x0800024c   0x0800024c   0x00000000   Code   RO         6717    .ARM.Collect$$libinit$$00000013  c_w.l(libinit2.o)
    0x0800024c   0x0800024c   0x00000000   Code   RO         6719    .ARM.Collect$$libinit$$00000015  c_w.l(libinit2.o)
    0x0800024c   0x0800024c   0x00000000   Code   RO         6721    .ARM.Collect$$libinit$$00000017  c_w.l(libinit2.o)
    0x0800024c   0x0800024c   0x00000000   Code   RO         6723    .ARM.Collect$$libinit$$00000019  c_w.l(libinit2.o)
    0x0800024c   0x0800024c   0x00000000   Code   RO         6725    .ARM.Collect$$libinit$$0000001B  c_w.l(libinit2.o)
    0x0800024c   0x0800024c   0x00000000   Code   RO         6727    .ARM.Collect$$libinit$$0000001D  c_w.l(libinit2.o)
    0x0800024c   0x0800024c   0x00000000   Code   RO         6729    .ARM.Collect$$libinit$$0000001F  c_w.l(libinit2.o)
    0x0800024c   0x0800024c   0x00000000   Code   RO         6731    .ARM.Collect$$libinit$$00000021  c_w.l(libinit2.o)
    0x0800024c   0x0800024c   0x00000000   Code   RO         6733    .ARM.Collect$$libinit$$00000023  c_w.l(libinit2.o)
    0x0800024c   0x0800024c   0x00000000   Code   RO         6735    .ARM.Collect$$libinit$$00000025  c_w.l(libinit2.o)
    0x0800024c   0x0800024c   0x00000000   Code   RO         6739    .ARM.Collect$$libinit$$0000002C  c_w.l(libinit2.o)
    0x0800024c   0x0800024c   0x00000000   Code   RO         6741    .ARM.Collect$$libinit$$0000002E  c_w.l(libinit2.o)
    0x0800024c   0x0800024c   0x00000000   Code   RO         6743    .ARM.Collect$$libinit$$00000030  c_w.l(libinit2.o)
    0x0800024c   0x0800024c   0x00000000   Code   RO         6745    .ARM.Collect$$libinit$$00000032  c_w.l(libinit2.o)
    0x0800024c   0x0800024c   0x00000002   Code   RO         6746    .ARM.Collect$$libinit$$00000033  c_w.l(libinit2.o)
    0x0800024e   0x0800024e   0x00000002   Code   RO         6873    .ARM.Collect$$libshutdown$$00000000  c_w.l(libshutdown.o)
    0x08000250   0x08000250   0x00000000   Code   RO         6748    .ARM.Collect$$libshutdown$$00000002  c_w.l(libshutdown2.o)
    0x08000250   0x08000250   0x00000000   Code   RO         6750    .ARM.Collect$$libshutdown$$00000004  c_w.l(libshutdown2.o)
    0x08000250   0x08000250   0x00000000   Code   RO         6752    .ARM.Collect$$libshutdown$$00000006  c_w.l(libshutdown2.o)
    0x08000250   0x08000250   0x00000000   Code   RO         6755    .ARM.Collect$$libshutdown$$00000009  c_w.l(libshutdown2.o)
    0x08000250   0x08000250   0x00000000   Code   RO         6758    .ARM.Collect$$libshutdown$$0000000C  c_w.l(libshutdown2.o)
    0x08000250   0x08000250   0x00000000   Code   RO         6760    .ARM.Collect$$libshutdown$$0000000E  c_w.l(libshutdown2.o)
    0x08000250   0x08000250   0x00000000   Code   RO         6763    .ARM.Collect$$libshutdown$$00000011  c_w.l(libshutdown2.o)
    0x08000250   0x08000250   0x00000002   Code   RO         6764    .ARM.Collect$$libshutdown$$00000012  c_w.l(libshutdown2.o)
    0x08000252   0x08000252   0x00000000   Code   RO         6550    .ARM.Collect$$rtentry$$00000000  c_w.l(__rtentry.o)
    0x08000252   0x08000252   0x00000000   Code   RO         6584    .ARM.Collect$$rtentry$$00000002  c_w.l(__rtentry2.o)
    0x08000252   0x08000252   0x00000006   Code   RO         6596    .ARM.Collect$$rtentry$$00000004  c_w.l(__rtentry4.o)
    0x08000258   0x08000258   0x00000000   Code   RO         6586    .ARM.Collect$$rtentry$$00000009  c_w.l(__rtentry2.o)
    0x08000258   0x08000258   0x00000004   Code   RO         6587    .ARM.Collect$$rtentry$$0000000A  c_w.l(__rtentry2.o)
    0x0800025c   0x0800025c   0x00000000   Code   RO         6589    .ARM.Collect$$rtentry$$0000000C  c_w.l(__rtentry2.o)
    0x0800025c   0x0800025c   0x00000008   Code   RO         6590    .ARM.Collect$$rtentry$$0000000D  c_w.l(__rtentry2.o)
    0x08000264   0x08000264   0x00000002   Code   RO         6771    .ARM.Collect$$rtexit$$00000000  c_w.l(rtexit.o)
    0x08000266   0x08000266   0x00000000   Code   RO         6819    .ARM.Collect$$rtexit$$00000002  c_w.l(rtexit2.o)
    0x08000266   0x08000266   0x00000004   Code   RO         6820    .ARM.Collect$$rtexit$$00000003  c_w.l(rtexit2.o)
    0x0800026a   0x0800026a   0x00000006   Code   RO         6821    .ARM.Collect$$rtexit$$00000004  c_w.l(rtexit2.o)
    0x08000270   0x08000270   0x000000be   Code   RO         6386    .emb_text           port.o
    0x0800032e   0x0800032e   0x00000002   PAD
    0x08000330   0x08000330   0x00000040   Code   RO            4    .text               startup_stm32f407xx.o
    0x08000370   0x08000370   0x000000ee   Code   RO         6465    .text               c_w.l(lludivv7m.o)
    0x0800045e   0x0800045e   0x00000002   PAD
    0x08000460   0x08000460   0x00000028   Code   RO         6473    .text               c_w.l(noretval__2sprintf.o)
    0x08000488   0x08000488   0x00000068   Code   RO         6475    .text               c_w.l(__printf.o)
    0x080004f0   0x080004f0   0x00000078   Code   RO         6479    .text               c_w.l(_printf_dec.o)
    0x08000568   0x08000568   0x00000064   Code   RO         6510    .text               c_w.l(rt_memcpy_w.o)
    0x080005cc   0x080005cc   0x00000010   Code   RO         6514    .text               c_w.l(aeabi_memset.o)
    0x080005dc   0x080005dc   0x0000004e   Code   RO         6516    .text               c_w.l(rt_memclr_w.o)
    0x0800062a   0x0800062a   0x00000006   Code   RO         6518    .text               c_w.l(heapauxi.o)
    0x08000630   0x08000630   0x000000b2   Code   RO         6555    .text               c_w.l(_printf_intcommon.o)
    0x080006e2   0x080006e2   0x00000002   PAD
    0x080006e4   0x080006e4   0x00000030   Code   RO         6557    .text               c_w.l(_printf_char_common.o)
    0x08000714   0x08000714   0x0000000a   Code   RO         6559    .text               c_w.l(_sputc.o)
    0x0800071e   0x0800071e   0x00000044   Code   RO         6572    .text               c_w.l(rt_memclr.o)
    0x08000762   0x08000762   0x0000004a   Code   RO         6617    .text               c_w.l(sys_stackheap_outer.o)
    0x080007ac   0x080007ac   0x00000012   Code   RO         6686    .text               c_w.l(exit.o)
    0x080007be   0x080007be   0x00000002   PAD
    0x080007c0   0x080007c0   0x00000008   Code   RO         6765    .text               c_w.l(libspace.o)
    0x080007c8   0x080007c8   0x00000002   Code   RO         6768    .text               c_w.l(use_no_semi.o)
    0x080007ca   0x080007ca   0x00000000   Code   RO         6770    .text               c_w.l(indicate_semi.o)
    0x080007ca   0x080007ca   0x00000002   PAD
    0x080007cc   0x080007cc   0x0000000c   Code   RO         6816    .text               c_w.l(sys_exit.o)
    0x080007d8   0x080007d8   0x00000002   Code   RO         1798    i.BusFault_Handler  stm32f4xx_it.o
    0x080007da   0x080007da   0x00000002   PAD
    0x080007dc   0x080007dc   0x0000000c   Code   RO         1799    i.CAN1_RX0_IRQHandler  stm32f4xx_it.o
    0x080007e8   0x080007e8   0x00000040   Code   RO          407    i.CAN_anter_chassis  wheel.o
    0x08000828   0x08000828   0x00000050   Code   RO          408    i.CAN_cmd_chassis   wheel.o
    0x08000878   0x08000878   0x00000044   Code   RO          409    i.CAN_sigan_chassis  wheel.o
    0x080008bc   0x080008bc   0x0000000c   Code   RO         1800    i.DMA1_Stream1_IRQHandler  stm32f4xx_it.o
    0x080008c8   0x080008c8   0x0000000c   Code   RO         1801    i.DMA1_Stream3_IRQHandler  stm32f4xx_it.o
    0x080008d4   0x080008d4   0x0000000c   Code   RO         1802    i.DMA1_Stream5_IRQHandler  stm32f4xx_it.o
    0x080008e0   0x080008e0   0x0000000c   Code   RO         1803    i.DMA2_Stream2_IRQHandler  stm32f4xx_it.o
    0x080008ec   0x080008ec   0x0000000c   Code   RO         1804    i.DMA2_Stream7_IRQHandler  stm32f4xx_it.o
    0x080008f8   0x080008f8   0x00000028   Code   RO         2672    i.DMA_CalcBaseAndBitshift  stm32f4xx_hal_dma.o
    0x08000920   0x08000920   0x00000054   Code   RO         2673    i.DMA_CheckFifoParam  stm32f4xx_hal_dma.o
    0x08000974   0x08000974   0x00000028   Code   RO         2674    i.DMA_SetConfig     stm32f4xx_hal_dma.o
    0x0800099c   0x0800099c   0x00000002   Code   RO         1805    i.DebugMon_Handler  stm32f4xx_it.o
    0x0800099e   0x0800099e   0x00000002   PAD
    0x080009a0   0x080009a0   0x00000020   Code   RO         1266    i.ESP8266           esp8266.o
    0x080009c0   0x080009c0   0x00000010   Code   RO         1270    i.ESP8266_Init      esp8266.o
    0x080009d0   0x080009d0   0x00000054   Code   RO         1271    i.ESP8266_MODE_AP   esp8266.o
    0x08000a24   0x08000a24   0x00000004   Code   RO         1408    i.Error_Handler     main.o
    0x08000a28   0x08000a28   0x00000024   Code   RO         1980    i.HAL_CAN_ActivateNotification  stm32f4xx_hal_can.o
    0x08000a4c   0x08000a4c   0x000000dc   Code   RO         1981    i.HAL_CAN_AddTxMessage  stm32f4xx_hal_can.o
    0x08000b28   0x08000b28   0x0000010c   Code   RO         1982    i.HAL_CAN_ConfigFilter  stm32f4xx_hal_can.o
    0x08000c34   0x08000c34   0x00000002   Code   RO         1985    i.HAL_CAN_ErrorCallback  stm32f4xx_hal_can.o
    0x08000c36   0x08000c36   0x000000e8   Code   RO         1988    i.HAL_CAN_GetRxMessage  stm32f4xx_hal_can.o
    0x08000d1e   0x08000d1e   0x000001fc   Code   RO         1992    i.HAL_CAN_IRQHandler  stm32f4xx_hal_can.o
    0x08000f1a   0x08000f1a   0x0000011a   Code   RO         1993    i.HAL_CAN_Init      stm32f4xx_hal_can.o
    0x08001034   0x08001034   0x0000007c   Code   RO         1583    i.HAL_CAN_MspInit   can.o
    0x080010b0   0x080010b0   0x00000002   Code   RO         2000    i.HAL_CAN_RxFifo0FullCallback  stm32f4xx_hal_can.o
    0x080010b2   0x080010b2   0x00000002   PAD
    0x080010b4   0x080010b4   0x00000120   Code   RO          410    i.HAL_CAN_RxFifo0MsgPendingCallback  wheel.o
    0x080011d4   0x080011d4   0x00000002   Code   RO         2002    i.HAL_CAN_RxFifo1FullCallback  stm32f4xx_hal_can.o
    0x080011d6   0x080011d6   0x00000002   Code   RO         2003    i.HAL_CAN_RxFifo1MsgPendingCallback  stm32f4xx_hal_can.o
    0x080011d8   0x080011d8   0x00000002   Code   RO         2004    i.HAL_CAN_SleepCallback  stm32f4xx_hal_can.o
    0x080011da   0x080011da   0x00000002   PAD
    0x080011dc   0x080011dc   0x00000058   Code   RO         2005    i.HAL_CAN_Start     stm32f4xx_hal_can.o
    0x08001234   0x08001234   0x00000002   Code   RO         2007    i.HAL_CAN_TxMailbox0AbortCallback  stm32f4xx_hal_can.o
    0x08001236   0x08001236   0x00000002   Code   RO         2008    i.HAL_CAN_TxMailbox0CompleteCallback  stm32f4xx_hal_can.o
    0x08001238   0x08001238   0x00000002   Code   RO         2009    i.HAL_CAN_TxMailbox1AbortCallback  stm32f4xx_hal_can.o
    0x0800123a   0x0800123a   0x00000002   Code   RO         2010    i.HAL_CAN_TxMailbox1CompleteCallback  stm32f4xx_hal_can.o
    0x0800123c   0x0800123c   0x00000002   Code   RO         2011    i.HAL_CAN_TxMailbox2AbortCallback  stm32f4xx_hal_can.o
    0x0800123e   0x0800123e   0x00000002   Code   RO         2012    i.HAL_CAN_TxMailbox2CompleteCallback  stm32f4xx_hal_can.o
    0x08001240   0x08001240   0x00000002   Code   RO         2014    i.HAL_CAN_WakeUpFromRxMsgCallback  stm32f4xx_hal_can.o
    0x08001242   0x08001242   0x00000092   Code   RO         2675    i.HAL_DMA_Abort     stm32f4xx_hal_dma.o
    0x080012d4   0x080012d4   0x00000024   Code   RO         2676    i.HAL_DMA_Abort_IT  stm32f4xx_hal_dma.o
    0x080012f8   0x080012f8   0x000001a0   Code   RO         2680    i.HAL_DMA_IRQHandler  stm32f4xx_hal_dma.o
    0x08001498   0x08001498   0x000000d4   Code   RO         2681    i.HAL_DMA_Init      stm32f4xx_hal_dma.o
    0x0800156c   0x0800156c   0x0000006e   Code   RO         2685    i.HAL_DMA_Start_IT  stm32f4xx_hal_dma.o
    0x080015da   0x080015da   0x00000002   PAD
    0x080015dc   0x080015dc   0x000001f0   Code   RO         2568    i.HAL_GPIO_Init     stm32f4xx_hal_gpio.o
    0x080017cc   0x080017cc   0x0000000a   Code   RO         2570    i.HAL_GPIO_ReadPin  stm32f4xx_hal_gpio.o
    0x080017d6   0x080017d6   0x0000000a   Code   RO         2572    i.HAL_GPIO_WritePin  stm32f4xx_hal_gpio.o
    0x080017e0   0x080017e0   0x0000000c   Code   RO         3100    i.HAL_GetTick       stm32f4xx_hal.o
    0x080017ec   0x080017ec   0x00000188   Code   RO         3356    i.HAL_I2C_Init      stm32f4xx_hal_i2c.o
    0x08001974   0x08001974   0x0000016c   Code   RO         3357    i.HAL_I2C_IsDeviceReady  stm32f4xx_hal_i2c.o
    0x08001ae0   0x08001ae0   0x0000012c   Code   RO         3369    i.HAL_I2C_Master_Transmit  stm32f4xx_hal_i2c.o
    0x08001c0c   0x08001c0c   0x00000068   Code   RO         1655    i.HAL_I2C_MspInit   i2c.o
    0x08001c74   0x08001c74   0x00000010   Code   RO         3106    i.HAL_IncTick       stm32f4xx_hal.o
    0x08001c84   0x08001c84   0x00000034   Code   RO         3107    i.HAL_Init          stm32f4xx_hal.o
    0x08001cb8   0x08001cb8   0x00000098   Code   RO         1940    i.HAL_InitTick      stm32f4xx_hal_timebase_tim.o
    0x08001d50   0x08001d50   0x00000038   Code   RO         1916    i.HAL_MspInit       stm32f4xx_hal_msp.o
    0x08001d88   0x08001d88   0x0000001a   Code   RO         2957    i.HAL_NVIC_EnableIRQ  stm32f4xx_hal_cortex.o
    0x08001da2   0x08001da2   0x00000002   PAD
    0x08001da4   0x08001da4   0x00000040   Code   RO         2963    i.HAL_NVIC_SetPriority  stm32f4xx_hal_cortex.o
    0x08001de4   0x08001de4   0x00000024   Code   RO         2964    i.HAL_NVIC_SetPriorityGrouping  stm32f4xx_hal_cortex.o
    0x08001e08   0x08001e08   0x00000134   Code   RO         2214    i.HAL_RCC_ClockConfig  stm32f4xx_hal_rcc.o
    0x08001f3c   0x08001f3c   0x00000040   Code   RO         2218    i.HAL_RCC_GetClockConfig  stm32f4xx_hal_rcc.o
    0x08001f7c   0x08001f7c   0x00000020   Code   RO         2221    i.HAL_RCC_GetPCLK1Freq  stm32f4xx_hal_rcc.o
    0x08001f9c   0x08001f9c   0x00000020   Code   RO         2222    i.HAL_RCC_GetPCLK2Freq  stm32f4xx_hal_rcc.o
    0x08001fbc   0x08001fbc   0x00000064   Code   RO         2223    i.HAL_RCC_GetSysClockFreq  stm32f4xx_hal_rcc.o
    0x08002020   0x08002020   0x0000036c   Code   RO         2226    i.HAL_RCC_OscConfig  stm32f4xx_hal_rcc.o
    0x0800238c   0x0800238c   0x00000002   Code   RO         4501    i.HAL_TIMEx_BreakCallback  stm32f4xx_hal_tim_ex.o
    0x0800238e   0x0800238e   0x00000002   Code   RO         4502    i.HAL_TIMEx_CommutCallback  stm32f4xx_hal_tim_ex.o
    0x08002390   0x08002390   0x00000054   Code   RO         4504    i.HAL_TIMEx_ConfigBreakDeadTime  stm32f4xx_hal_tim_ex.o
    0x080023e4   0x080023e4   0x00000090   Code   RO         4520    i.HAL_TIMEx_MasterConfigSynchronization  stm32f4xx_hal_tim_ex.o
    0x08002474   0x08002474   0x0000005a   Code   RO         3797    i.HAL_TIM_Base_Init  stm32f4xx_hal_tim.o
    0x080024ce   0x080024ce   0x00000002   Code   RO         3799    i.HAL_TIM_Base_MspInit  stm32f4xx_hal_tim.o
    0x080024d0   0x080024d0   0x00000078   Code   RO         3800    i.HAL_TIM_Base_Start  stm32f4xx_hal_tim.o
    0x08002548   0x08002548   0x00000080   Code   RO         3802    i.HAL_TIM_Base_Start_IT  stm32f4xx_hal_tim.o
    0x080025c8   0x080025c8   0x00000002   Code   RO         3831    i.HAL_TIM_IC_CaptureCallback  stm32f4xx_hal_tim.o
    0x080025ca   0x080025ca   0x00000166   Code   RO         3845    i.HAL_TIM_IRQHandler  stm32f4xx_hal_tim.o
    0x08002730   0x08002730   0x00000054   Code   RO         1696    i.HAL_TIM_MspPostInit  tim.o
    0x08002784   0x08002784   0x00000002   Code   RO         3848    i.HAL_TIM_OC_DelayElapsedCallback  stm32f4xx_hal_tim.o
    0x08002786   0x08002786   0x000000cc   Code   RO         3869    i.HAL_TIM_PWM_ConfigChannel  stm32f4xx_hal_tim.o
    0x08002852   0x08002852   0x0000005a   Code   RO         3872    i.HAL_TIM_PWM_Init  stm32f4xx_hal_tim.o
    0x080028ac   0x080028ac   0x00000028   Code   RO         1698    i.HAL_TIM_PWM_MspInit  tim.o
    0x080028d4   0x080028d4   0x00000002   Code   RO         3875    i.HAL_TIM_PWM_PulseFinishedCallback  stm32f4xx_hal_tim.o
    0x080028d6   0x080028d6   0x00000002   PAD
    0x080028d8   0x080028d8   0x000000c8   Code   RO         3877    i.HAL_TIM_PWM_Start  stm32f4xx_hal_tim.o
    0x080029a0   0x080029a0   0x00000014   Code   RO         1409    i.HAL_TIM_PeriodElapsedCallback  main.o
    0x080029b4   0x080029b4   0x00000002   Code   RO         3888    i.HAL_TIM_TriggerCallback  stm32f4xx_hal_tim.o
    0x080029b6   0x080029b6   0x00000002   Code   RO         4779    i.HAL_UARTEx_RxEventCallback  stm32f4xx_hal_uart.o
    0x080029b8   0x080029b8   0x00000002   Code   RO         4793    i.HAL_UART_ErrorCallback  stm32f4xx_hal_uart.o
    0x080029ba   0x080029ba   0x00000002   PAD
    0x080029bc   0x080029bc   0x00000268   Code   RO         4796    i.HAL_UART_IRQHandler  stm32f4xx_hal_uart.o
    0x08002c24   0x08002c24   0x00000062   Code   RO         4797    i.HAL_UART_Init     stm32f4xx_hal_uart.o
    0x08002c86   0x08002c86   0x00000002   PAD
    0x08002c88   0x08002c88   0x00000268   Code   RO         1745    i.HAL_UART_MspInit  usart.o
    0x08002ef0   0x08002ef0   0x0000002a   Code   RO         4801    i.HAL_UART_Receive_DMA  stm32f4xx_hal_uart.o
    0x08002f1a   0x08002f1a   0x0000002a   Code   RO         4802    i.HAL_UART_Receive_IT  stm32f4xx_hal_uart.o
    0x08002f44   0x08002f44   0x00000270   Code   RO           13    i.HAL_UART_RxCpltCallback  jy62.o
    0x080031b4   0x080031b4   0x00000002   Code   RO         4804    i.HAL_UART_RxHalfCpltCallback  stm32f4xx_hal_uart.o
    0x080031b6   0x080031b6   0x00000002   PAD
    0x080031b8   0x080031b8   0x000000b2   Code   RO         4805    i.HAL_UART_Transmit  stm32f4xx_hal_uart.o
    0x0800326a   0x0800326a   0x00000002   Code   RO         4808    i.HAL_UART_TxCpltCallback  stm32f4xx_hal_uart.o
    0x0800326c   0x0800326c   0x00000002   Code   RO         1806    i.HardFault_Handler  stm32f4xx_it.o
    0x0800326e   0x0800326e   0x0000002e   Code   RO         3398    i.I2C_IsAcknowledgeFailed  stm32f4xx_hal_i2c.o
    0x0800329c   0x0800329c   0x0000009c   Code   RO         3402    i.I2C_MasterRequestWrite  stm32f4xx_hal_i2c.o
    0x08003338   0x08003338   0x0000004c   Code   RO         3413    i.I2C_WaitOnBTFFlagUntilTimeout  stm32f4xx_hal_i2c.o
    0x08003384   0x08003384   0x00000068   Code   RO         3414    i.I2C_WaitOnFlagUntilTimeout  stm32f4xx_hal_i2c.o
    0x080033ec   0x080033ec   0x00000096   Code   RO         3415    i.I2C_WaitOnMasterAddressFlagUntilTimeout  stm32f4xx_hal_i2c.o
    0x08003482   0x08003482   0x0000004c   Code   RO         3417    i.I2C_WaitOnTXEFlagUntilTimeout  stm32f4xx_hal_i2c.o
    0x080034ce   0x080034ce   0x00000002   PAD
    0x080034d0   0x080034d0   0x0000004c   Code   RO           14    i.JY62_1            jy62.o
    0x0800351c   0x0800351c   0x00000068   Code   RO           16    i.JY62initial       jy62.o
    0x08003584   0x08003584   0x00000044   Code   RO         1584    i.MX_CAN1_Init      can.o
    0x080035c8   0x080035c8   0x0000007c   Code   RO         1630    i.MX_DMA_Init       dma.o
    0x08003644   0x08003644   0x00000080   Code   RO         1538    i.MX_FREERTOS_Init  freertos.o
    0x080036c4   0x080036c4   0x00000120   Code   RO         1514    i.MX_GPIO_Init      gpio.o
    0x080037e4   0x080037e4   0x00000040   Code   RO         1656    i.MX_I2C1_Init      i2c.o
    0x08003824   0x08003824   0x000000d0   Code   RO         1699    i.MX_TIM1_Init      tim.o
    0x080038f4   0x080038f4   0x00000038   Code   RO         1746    i.MX_USART1_UART_Init  usart.o
    0x0800392c   0x0800392c   0x00000038   Code   RO         1747    i.MX_USART2_UART_Init  usart.o
    0x08003964   0x08003964   0x00000038   Code   RO         1748    i.MX_USART3_UART_Init  usart.o
    0x0800399c   0x0800399c   0x00000002   Code   RO         1807    i.MemManage_Handler  stm32f4xx_it.o
    0x0800399e   0x0800399e   0x00000002   Code   RO         1808    i.NMI_Handler       stm32f4xx_it.o
    0x080039a0   0x080039a0   0x00000040   Code   RO         1079    i.SSD1306_DrawPixel  ssd1306.o
    0x080039e0   0x080039e0   0x00000018   Code   RO         1082    i.SSD1306_Fill      ssd1306.o
    0x080039f8   0x080039f8   0x0000000c   Code   RO         1083    i.SSD1306_GotoXY    ssd1306.o
    0x08003a04   0x08003a04   0x00000168   Code   RO         1084    i.SSD1306_Init      ssd1306.o
    0x08003b6c   0x08003b6c   0x000000a0   Code   RO         1088    i.SSD1306_Putc      ssd1306.o
    0x08003c0c   0x08003c0c   0x00000028   Code   RO         1089    i.SSD1306_Puts      ssd1306.o
    0x08003c34   0x08003c34   0x00000048   Code   RO         1096    i.SSD1306_UpdateScreen  ssd1306.o
    0x08003c7c   0x08003c7c   0x00000188   Code   RO         1276    i.Select_User_To_Clear  esp8266.o
    0x08003e04   0x08003e04   0x0000002c   Code   RO         6387    i.SysTick_Handler   port.o
    0x08003e30   0x08003e30   0x00000094   Code   RO         1410    i.SystemClock_Config  main.o
    0x08003ec4   0x08003ec4   0x00000010   Code   RO         5126    i.SystemInit        system_stm32f4xx.o
    0x08003ed4   0x08003ed4   0x0000000c   Code   RO         1809    i.TIM6_DAC_IRQHandler  stm32f4xx_it.o
    0x08003ee0   0x08003ee0   0x000000c8   Code   RO         3890    i.TIM_Base_SetConfig  stm32f4xx_hal_tim.o
    0x08003fa8   0x08003fa8   0x0000001a   Code   RO         3891    i.TIM_CCxChannelCmd  stm32f4xx_hal_tim.o
    0x08003fc2   0x08003fc2   0x00000002   PAD
    0x08003fc4   0x08003fc4   0x00000060   Code   RO         3903    i.TIM_OC1_SetConfig  stm32f4xx_hal_tim.o
    0x08004024   0x08004024   0x0000006c   Code   RO         3904    i.TIM_OC2_SetConfig  stm32f4xx_hal_tim.o
    0x08004090   0x08004090   0x00000068   Code   RO         3905    i.TIM_OC3_SetConfig  stm32f4xx_hal_tim.o
    0x080040f8   0x080040f8   0x00000050   Code   RO         3906    i.TIM_OC4_SetConfig  stm32f4xx_hal_tim.o
    0x08004148   0x08004148   0x00000010   Code   RO         4810    i.UART_DMAAbortOnError  stm32f4xx_hal_uart.o
    0x08004158   0x08004158   0x0000004a   Code   RO         4811    i.UART_DMAError     stm32f4xx_hal_uart.o
    0x080041a2   0x080041a2   0x00000082   Code   RO         4812    i.UART_DMAReceiveCplt  stm32f4xx_hal_uart.o
    0x08004224   0x08004224   0x0000001a   Code   RO         4814    i.UART_DMARxHalfCplt  stm32f4xx_hal_uart.o
    0x0800423e   0x0800423e   0x0000004e   Code   RO         4820    i.UART_EndRxTransfer  stm32f4xx_hal_uart.o
    0x0800428c   0x0800428c   0x0000001c   Code   RO         4821    i.UART_EndTxTransfer  stm32f4xx_hal_uart.o
    0x080042a8   0x080042a8   0x000000c0   Code   RO         4822    i.UART_Receive_IT   stm32f4xx_hal_uart.o
    0x08004368   0x08004368   0x0000010c   Code   RO         4823    i.UART_SetConfig    stm32f4xx_hal_uart.o
    0x08004474   0x08004474   0x00000094   Code   RO         4824    i.UART_Start_Receive_DMA  stm32f4xx_hal_uart.o
    0x08004508   0x08004508   0x0000003a   Code   RO         4825    i.UART_Start_Receive_IT  stm32f4xx_hal_uart.o
    0x08004542   0x08004542   0x00000078   Code   RO         4826    i.UART_WaitOnFlagUntilTimeout  stm32f4xx_hal_uart.o
    0x080045ba   0x080045ba   0x00000002   PAD
    0x080045bc   0x080045bc   0x0000000c   Code   RO         1810    i.USART1_IRQHandler  stm32f4xx_it.o
    0x080045c8   0x080045c8   0x0000000c   Code   RO         1811    i.USART2_IRQHandler  stm32f4xx_it.o
    0x080045d4   0x080045d4   0x0000000c   Code   RO         1812    i.USART3_IRQHandler  stm32f4xx_it.o
    0x080045e0   0x080045e0   0x00000002   Code   RO         1813    i.UsageFault_Handler  stm32f4xx_it.o
    0x080045e2   0x080045e2   0x00000020   Code   RO         2970    i.__NVIC_SetPriority  stm32f4xx_hal_cortex.o
    0x08004602   0x08004602   0x00000002   PAD
    0x08004604   0x08004604   0x00000038   Code   RO         1585    i.can_filter_init   can.o
    0x0800463c   0x0800463c   0x000009d8   Code   RO          411    i.chasis            wheel.o
    0x08005014   0x08005014   0x00000170   Code   RO          589    i.duoji             duoji.o
    0x08005184   0x08005184   0x00000234   Code   RO          590    i.fangzhi           duoji.o
    0x080053b8   0x080053b8   0x00000500   Code   RO          591    i.fangzhi_cheng_2   duoji.o
    0x080058b8   0x080058b8   0x00000570   Code   RO          592    i.fangzhi_cu_1      duoji.o
    0x08005e28   0x08005e28   0x000005a0   Code   RO          593    i.fangzhi_cu_2      duoji.o
    0x080063c8   0x080063c8   0x000005a0   Code   RO          594    i.fangzhi_cu_3      duoji.o
    0x08006968   0x08006968   0x000001c0   Code   RO          595    i.fangzhi_ercheng   duoji.o
    0x08006b28   0x08006b28   0x0000001c   Code   RO           18    i.get_JY62          jy62.o
    0x08006b44   0x08006b44   0x000001ac   Code   RO          596    i.guiwei            duoji.o
    0x08006cf0   0x08006cf0   0x00000120   Code   RO          597    i.guiwei_cu         duoji.o
    0x08006e10   0x08006e10   0x00000190   Code   RO          598    i.guiwei_ercheng    duoji.o
    0x08006fa0   0x08006fa0   0x00000080   Code   RO          722    i.houtui            xunji.o
    0x08007020   0x08007020   0x00000070   Code   RO          413    i.jinyige           wheel.o
    0x08007090   0x08007090   0x00000068   Code   RO          414    i.jinyige_2         wheel.o
    0x080070f8   0x080070f8   0x00000070   Code   RO          415    i.m_max_speed       wheel.o
    0x08007168   0x08007168   0x00000040   Code   RO         1411    i.main              main.o
    0x080071a8   0x080071a8   0x0000000c   Code   RO         5952    i.makeFreeRtosPriority  cmsis_os.o
    0x080071b4   0x080071b4   0x0000000c   Code   RO          599    i.openmv            duoji.o
    0x080071c0   0x080071c0   0x0000000e   Code   RO         5954    i.osDelay           cmsis_os.o
    0x080071ce   0x080071ce   0x0000000a   Code   RO         5957    i.osKernelStart     cmsis_os.o
    0x080071d8   0x080071d8   0x00000054   Code   RO         5991    i.osThreadCreate    cmsis_os.o
    0x0800722c   0x0800722c   0x0000010a   Code   RO          253    i.pid_calculate     pid.o
    0x08007336   0x08007336   0x00000002   PAD
    0x08007338   0x08007338   0x000001b4   Code   RO          254    i.pid_calculate_2   pid.o
    0x080074ec   0x080074ec   0x00000058   Code   RO          416    i.pid_elevator_setting  wheel.o
    0x08007544   0x08007544   0x00000006   Code   RO          417    i.pid_elevator_setting_sudu  wheel.o
    0x0800754a   0x0800754a   0x00000002   PAD
    0x0800754c   0x0800754c   0x00000040   Code   RO          418    i.pid_elevator_setting_sudu_remote  wheel.o
    0x0800758c   0x0800758c   0x00000024   Code   RO          255    i.pid_init          pid.o
    0x080075b0   0x080075b0   0x000002b8   Code   RO          419    i.pid_main_init     wheel.o
    0x08007868   0x08007868   0x000000dc   Code   RO          420    i.pid_motor_setting  wheel.o
    0x08007944   0x08007944   0x0000000c   Code   RO          421    i.pid_motor_setting_sudu  wheel.o
    0x08007950   0x08007950   0x00000058   Code   RO          256    i.pid_param_init    pid.o
    0x080079a8   0x080079a8   0x00000008   Code   RO          257    i.pid_reset         pid.o
    0x080079b0   0x080079b0   0x00000040   Code   RO          423    i.pid_yuntai_setting  wheel.o
    0x080079f0   0x080079f0   0x00000044   Code   RO          424    i.pid_yuntai_setting_sudu  wheel.o
    0x08007a34   0x08007a34   0x00000070   Code   RO         5628    i.prvAddCurrentTaskToDelayedList  tasks.o
    0x08007aa4   0x08007aa4   0x000000d0   Code   RO         5629    i.prvAddNewTaskToReadyList  tasks.o
    0x08007b74   0x08007b74   0x00000034   Code   RO         5630    i.prvDeleteTCB      tasks.o
    0x08007ba8   0x08007ba8   0x00000048   Code   RO         6319    i.prvHeapInit       heap_4.o
    0x08007bf0   0x08007bf0   0x00000060   Code   RO         5631    i.prvIdleTask       tasks.o
    0x08007c50   0x08007c50   0x00000098   Code   RO         5632    i.prvInitialiseNewTask  tasks.o
    0x08007ce8   0x08007ce8   0x0000004c   Code   RO         6320    i.prvInsertBlockIntoFreeList  heap_4.o
    0x08007d34   0x08007d34   0x00000020   Code   RO         5633    i.prvResetNextTaskUnblockTime  tasks.o
    0x08007d54   0x08007d54   0x00000028   Code   RO         6388    i.prvTaskExitError  port.o
    0x08007d7c   0x08007d7c   0x000000dc   Code   RO         6321    i.pvPortMalloc      heap_4.o
    0x08007e58   0x08007e58   0x00000044   Code   RO          600    i.pwm_init          duoji.o
    0x08007e9c   0x08007e9c   0x0000002c   Code   RO         6389    i.pxPortInitialiseStack  port.o
    0x08007ec8   0x08007ec8   0x0000007c   Code   RO          723    i.qianjin           xunji.o
    0x08007f44   0x08007f44   0x00000148   Code   RO           19    i.set_angel         jy62.o
    0x0800808c   0x0800808c   0x0000000c   Code   RO         1097    i.ssd1306_I2C_Init  ssd1306.o
    0x08008098   0x08008098   0x00000020   Code   RO         1098    i.ssd1306_I2C_Write  ssd1306.o
    0x080080b8   0x080080b8   0x00000038   Code   RO         1099    i.ssd1306_I2C_WriteMulti  ssd1306.o
    0x080080f0   0x080080f0   0x00000026   Code   RO         5264    i.uxListRemove      list.o
    0x08008116   0x08008116   0x00000002   PAD
    0x08008118   0x08008118   0x00000014   Code   RO         1539    i.vApplicationGetIdleTaskMemory  freertos.o
    0x0800812c   0x0800812c   0x00000016   Code   RO         5265    i.vListInitialise   list.o
    0x08008142   0x08008142   0x00000006   Code   RO         5266    i.vListInitialiseItem  list.o
    0x08008148   0x08008148   0x00000030   Code   RO         5267    i.vListInsert       list.o
    0x08008178   0x08008178   0x00000018   Code   RO         5268    i.vListInsertEnd    list.o
    0x08008190   0x08008190   0x00000040   Code   RO         6391    i.vPortEnterCritical  port.o
    0x080081d0   0x080081d0   0x00000028   Code   RO         6392    i.vPortExitCritical  port.o
    0x080081f8   0x080081f8   0x00000064   Code   RO         6322    i.vPortFree         heap_4.o
    0x0800825c   0x0800825c   0x00000024   Code   RO         6393    i.vPortSetupTimerInterrupt  port.o
    0x08008280   0x08008280   0x0000004c   Code   RO         5642    i.vTaskDelay        tasks.o
    0x080082cc   0x080082cc   0x0000006c   Code   RO         5656    i.vTaskStartScheduler  tasks.o
    0x08008338   0x08008338   0x00000010   Code   RO         5658    i.vTaskSuspendAll   tasks.o
    0x08008348   0x08008348   0x0000005c   Code   RO         5659    i.vTaskSwitchContext  tasks.o
    0x080083a4   0x080083a4   0x00000294   Code   RO          425    i.wheelhandle       wheel.o
    0x08008638   0x08008638   0x0000000c   Code   RO          601    i.wuliaotai         duoji.o
    0x08008644   0x08008644   0x000000f4   Code   RO         6395    i.xPortStartScheduler  port.o
    0x08008738   0x08008738   0x0000005a   Code   RO         5662    i.xTaskCreate       tasks.o
    0x08008792   0x08008792   0x00000056   Code   RO         5663    i.xTaskCreateStatic  tasks.o
    0x080087e8   0x080087e8   0x000000cc   Code   RO         5670    i.xTaskIncrementTick  tasks.o
    0x080088b4   0x080088b4   0x000000c4   Code   RO         5676    i.xTaskResumeAll    tasks.o
    0x08008978   0x08008978   0x000000fc   Code   RO          875    i.xianshi_1         screen.o
    0x08008a74   0x08008a74   0x00000038   Code   RO          724    i.xjhou             xunji.o
    0x08008aac   0x08008aac   0x00000034   Code   RO          725    i.xjqian            xunji.o
    0x08008ae0   0x08008ae0   0x00000038   Code   RO          727    i.xjyou_l2          xunji.o
    0x08008b18   0x08008b18   0x00000038   Code   RO          729    i.xjzuo             xunji.o
    0x08008b50   0x08008b50   0x0000068c   Code   RO          602    i.zhuaqu_cu         duoji.o
    0x080091dc   0x080091dc   0x000004d0   Code   RO          603    i.zhuaqu_yuan       duoji.o
    0x080096ac   0x080096ac   0x00000408   Code   RO          604    i.zhuaqu_yuan_2     duoji.o
    0x08009ab4   0x08009ab4   0x0000000c   Code   RO          605    i.zhuazi            duoji.o
    0x08009ac0   0x08009ac0   0x000000a0   Code   RO          731    i.zuoyi             xunji.o
    0x08009b60   0x08009b60   0x00000150   Code   RO         6522    x$fpl$dadd          fz_wm.l(daddsub_clz.o)
    0x08009cb0   0x08009cb0   0x00000018   Code   RO         6574    x$fpl$dcmpinf       fz_wm.l(dcmpi.o)
    0x08009cc8   0x08009cc8   0x000002b0   Code   RO         6529    x$fpl$ddiv          fz_wm.l(ddiv.o)
    0x08009f78   0x08009f78   0x0000005e   Code   RO         6532    x$fpl$dfix          fz_wm.l(dfix.o)
    0x08009fd6   0x08009fd6   0x0000002e   Code   RO         6537    x$fpl$dflt          fz_wm.l(dflt_clz.o)
    0x0800a004   0x0800a004   0x00000026   Code   RO         6536    x$fpl$dfltu         fz_wm.l(dflt_clz.o)
    0x0800a02a   0x0800a02a   0x00000002   PAD
    0x0800a02c   0x0800a02c   0x00000078   Code   RO         6542    x$fpl$dleqf         fz_wm.l(dleqf.o)
    0x0800a0a4   0x0800a0a4   0x00000154   Code   RO         6544    x$fpl$dmul          fz_wm.l(dmul.o)
    0x0800a1f8   0x0800a1f8   0x0000009c   Code   RO         6576    x$fpl$dnaninf       fz_wm.l(dnaninf.o)
    0x0800a294   0x0800a294   0x0000000c   Code   RO         6578    x$fpl$dretinf       fz_wm.l(dretinf.o)
    0x0800a2a0   0x0800a2a0   0x0000006c   Code   RO         6546    x$fpl$drleqf        fz_wm.l(drleqf.o)
    0x0800a30c   0x0800a30c   0x00000016   Code   RO         6523    x$fpl$drsb          fz_wm.l(daddsub_clz.o)
    0x0800a322   0x0800a322   0x00000002   PAD
    0x0800a324   0x0800a324   0x000001d4   Code   RO         6524    x$fpl$dsub          fz_wm.l(daddsub_clz.o)
    0x0800a4f8   0x0800a4f8   0x00000056   Code   RO         6548    x$fpl$f2d           fz_wm.l(f2d.o)
    0x0800a54e   0x0800a54e   0x0000008c   Code   RO         6580    x$fpl$fnaninf       fz_wm.l(fnaninf.o)
    0x0800a5da   0x0800a5da   0x0000000a   Code   RO         6814    x$fpl$fpinit        fz_wm.l(fpinit.o)
    0x0800a5e4   0x0800a5e4   0x00000000   Code   RO         6582    x$fpl$usenofp       fz_wm.l(usenofp.o)
    0x0800a5e4   0x0800a5e4   0x0000134c   Data   RO          843    .constdata          fonts.o
    0x0800b930   0x0800b930   0x0000008c   Data   RO         1541    .constdata          freertos.o
    0x0800b9bc   0x0800b9bc   0x00000008   Data   RO         2687    .constdata          stm32f4xx_hal_dma.o
    0x0800b9c4   0x0800b9c4   0x00000010   Data   RO         5127    .constdata          system_stm32f4xx.o
    0x0800b9d4   0x0800b9d4   0x00000008   Data   RO         5128    .constdata          system_stm32f4xx.o
    0x0800b9dc   0x0800b9dc   0x00000027   Data   RO         1542    .conststring        freertos.o
    0x0800ba03   0x0800ba03   0x00000001   PAD
    0x0800ba04   0x0800ba04   0x00000020   Data   RO         6890    Region$$Table       anon$$obj.o


    Execution Region RW_IRAM1 (Exec base: 0x20000000, Load base: 0x0800ba24, Size: 0x0000d160, Max: 0x0001c000, ABSOLUTE, COMPRESSED[0x00000070])

    Exec Addr    Load Addr    Size         Type   Attr      Idx    E Section Name        Object

    0x20000000   COMPRESSED   0x00000050   Data   RW           21    .data               jy62.o
    0x20000050   COMPRESSED   0x00000004   Data   RW           25    .data               jy62.o
    0x20000054   COMPRESSED   0x0000003c   Data   RW          427    .data               wheel.o
    0x20000090   COMPRESSED   0x00000024   Data   RW          606    .data               duoji.o
    0x200000b4   COMPRESSED   0x00000048   Data   RW          757    .data               xunji.o
    0x200000fc   COMPRESSED   0x00000008   Data   RW          846    .data               fonts.o
    0x20000104   COMPRESSED   0x00000007   Data   RW          877    .data               screen.o
    0x2000010b   COMPRESSED   0x00000001   PAD
    0x2000010c   COMPRESSED   0x00000006   Data   RW         1101    .data               ssd1306.o
    0x20000112   COMPRESSED   0x00000002   PAD
    0x20000114   COMPRESSED   0x0000004b   Data   RW         1280    .data               esp8266.o
    0x2000015f   COMPRESSED   0x00000001   PAD
    0x20000160   COMPRESSED   0x00000014   Data   RW         1543    .data               freertos.o
    0x20000174   COMPRESSED   0x0000000c   Data   RW         3114    .data               stm32f4xx_hal.o
    0x20000180   COMPRESSED   0x00000004   Data   RW         5129    .data               system_stm32f4xx.o
    0x20000184   COMPRESSED   0x0000003c   Data   RW         5679    .data               tasks.o
    0x200001c0   COMPRESSED   0x00000020   Data   RW         6328    .data               heap_4.o
    0x200001e0   COMPRESSED   0x0000000c   Data   RW         6396    .data               port.o
    0x200001ec        -       0x00000648   Zero   RW           20    .bss                jy62.o
    0x20000834        -       0x0000069c   Zero   RW          426    .bss                wheel.o
    0x20000ed0        -       0x00000400   Zero   RW         1100    .bss                ssd1306.o
    0x200012d0        -       0x00000254   Zero   RW         1540    .bss                freertos.o
    0x20001524        -       0x00000028   Zero   RW         1586    .bss                can.o
    0x2000154c        -       0x00000054   Zero   RW         1657    .bss                i2c.o
    0x200015a0        -       0x00000048   Zero   RW         1700    .bss                tim.o
    0x200015e8        -       0x000002ac   Zero   RW         1749    .bss                usart.o
    0x20001894        -       0x00000048   Zero   RW         1943    .bss                stm32f4xx_hal_timebase_tim.o
    0x200018dc        -       0x000000f0   Zero   RW         5678    .bss                tasks.o
    0x200019cc        -       0x0000b130   Zero   RW         6327    .bss                heap_4.o
    0x2000cafc        -       0x00000060   Zero   RW         6766    .bss                c_w.l(libspace.o)
    0x2000cb5c   COMPRESSED   0x00000004   PAD
    0x2000cb60        -       0x00000200   Zero   RW            2    HEAP                startup_stm32f407xx.o
    0x2000cd60        -       0x00000400   Zero   RW            1    STACK               startup_stm32f407xx.o


    Execution Region RW_IRAM2 (Exec base: 0x2001c000, Load base: 0x0800ba94, Size: 0x00000000, Max: 0x00004000, ABSOLUTE)

    **** No section assigned to this execution region ****


==============================================================================

Image component sizes


      Code (inc. data)   RO Data    RW Data    ZI Data      Debug   Object Name

       248         26          0          0         40       2551   can.o
       120          0          0          0          0      23537   cmsis_os.o
       124          4          0          0          0        894   dma.o
     12092        440          0         36          0      37174   duoji.o
       524         46          0         75          0       5343   esp8266.o
         0          0          0          0          0      17008   event_groups.o
         0          0       4940          8          0       1259   fonts.o
       148         14        179         20        596       2379   freertos.o
       288         24          0          0          0       1135   gpio.o
       468         22          0         32      45360       7603   heap_4.o
       168         26          0          0         84       1781   i2c.o
      1160        132          0         84       1608     606696   jy62.o
       138          0          0          0          0       3710   list.o
       236         20          0          0          0      34692   main.o
       834         52          0          0          0     709599   pid.o
       702         72          0         12          0      11268   port.o
       252         26          0          7          0       1926   screen.o
       832         54          0          6       1024       9012   ssd1306.o
        64         26        392          0       1536        860   startup_stm32f407xx.o
        80         14          0         12          0       8234   stm32f4xx_hal.o
      1658          6          0          0          0      14783   stm32f4xx_hal_can.o
       158         14          0          0          0      33294   stm32f4xx_hal_cortex.o
      1084         16          8          0          0       7582   stm32f4xx_hal_dma.o
       516         46          0          0          0       2959   stm32f4xx_hal_gpio.o
      1664         42          0          0          0      10865   stm32f4xx_hal_i2c.o
        56          4          0          0          0        918   stm32f4xx_hal_msp.o
      1412         86          0          0          0       6081   stm32f4xx_hal_rcc.o
      1814        166          0          0          0      14744   stm32f4xx_hal_tim.o
       232         28          0          0          0       3409   stm32f4xx_hal_tim_ex.o
       152         20          0          0         72       1559   stm32f4xx_hal_timebase_tim.o
      2122         30          0          0          0      16678   stm32f4xx_hal_uart.o
       132         60          0          0          0       7947   stm32f4xx_it.o
         0          0          0          0          0        404   stream_buffer.o
        16          4         24          4          0       1207   system_stm32f4xx.o
      1520        112          0         60        240      19922   tasks.o
       332         30          0          0         72       2527   tim.o
       784         64          0          0        684       3767   usart.o
      5226        342          0         60       1692      19006   wheel.o
       632         66          0         72          0       5707   xunji.o

    ----------------------------------------------------------------------
     38024       2134       5576        492      53008    1660020   Object Totals
         0          0         32          0          0          0   (incl. Generated)
        36          0          1          4          0          0   (incl. Padding)

    ----------------------------------------------------------------------

      Code (inc. data)   RO Data    RW Data    ZI Data      Debug   Library Member Name

        90          0          0          0          0          0   __dczerorl2.o
         8          0          0          0          0         68   __main.o
       104          0          0          0          0         84   __printf.o
         0          0          0          0          0          0   __rtentry.o
        12          0          0          0          0          0   __rtentry2.o
         6          0          0          0          0          0   __rtentry4.o
        52          8          0          0          0          0   __scatter.o
        28          0          0          0          0          0   __scatter_zi.o
        48          6          0          0          0         96   _printf_char_common.o
         6          0          0          0          0          0   _printf_d.o
       120         16          0          0          0         92   _printf_dec.o
       178          0          0          0          0         88   _printf_intcommon.o
         0          0          0          0          0          0   _printf_percent.o
         4          0          0          0          0          0   _printf_percent_end.o
        10          0          0          0          0         68   _sputc.o
        16          0          0          0          0         68   aeabi_memset.o
        18          0          0          0          0         80   exit.o
         6          0          0          0          0        152   heapauxi.o
         0          0          0          0          0          0   indicate_semi.o
         2          0          0          0          0          0   libinit.o
         6          0          0          0          0          0   libinit2.o
         2          0          0          0          0          0   libshutdown.o
         2          0          0          0          0          0   libshutdown2.o
         8          4          0          0         96         68   libspace.o
       238          0          0          0          0        100   lludivv7m.o
        40          6          0          0          0         84   noretval__2sprintf.o
        68          0          0          0          0         68   rt_memclr.o
        78          0          0          0          0         80   rt_memclr_w.o
       100          0          0          0          0         80   rt_memcpy_w.o
         2          0          0          0          0          0   rtexit.o
        10          0          0          0          0          0   rtexit2.o
        12          4          0          0          0         68   sys_exit.o
        74          0          0          0          0         80   sys_stackheap_outer.o
         2          0          0          0          0         68   use_no_semi.o
       826         16          0          0          0        492   daddsub_clz.o
        24          0          0          0          0        116   dcmpi.o
       688        140          0          0          0        256   ddiv.o
        94          4          0          0          0        140   dfix.o
        84          0          0          0          0        232   dflt_clz.o
       120          4          0          0          0        140   dleqf.o
       340         12          0          0          0        152   dmul.o
       156          4          0          0          0        140   dnaninf.o
        12          0          0          0          0        116   dretinf.o
       108          0          0          0          0        128   drleqf.o
        86          4          0          0          0        132   f2d.o
       140          4          0          0          0        132   fnaninf.o
        10          0          0          0          0        116   fpinit.o
         0          0          0          0          0          0   usenofp.o

    ----------------------------------------------------------------------
      4052        232          0          0        100       3784   Library Totals
        14          0          0          0          4          0   (incl. Padding)

    ----------------------------------------------------------------------

      Code (inc. data)   RO Data    RW Data    ZI Data      Debug   Library Name

      1350         44          0          0         96       1492   c_w.l
      2688        188          0          0          0       2292   fz_wm.l

    ----------------------------------------------------------------------
      4052        232          0          0        100       3784   Library Totals

    ----------------------------------------------------------------------

==============================================================================


      Code (inc. data)   RO Data    RW Data    ZI Data      Debug   

     42076       2366       5576        492      53108    1639076   Grand Totals
     42076       2366       5576        112      53108    1639076   ELF Image Totals (compressed)
     42076       2366       5576        112          0          0   ROM Totals

==============================================================================

    Total RO  Size (Code + RO Data)                47652 (  46.54kB)
    Total RW  Size (RW Data + ZI Data)             53600 (  52.34kB)
    Total ROM Size (Code + RO Data + RW Data)      47764 (  46.64kB)

==============================================================================

